Archive member included       because of file (symbol)

/usr/local/openravenscar/lib/gcc-lib/sparc-ork-elf/2.8.1/adalib/libgnarl.a(a-reatim.o)
                              ./devicesfss_v1.o (ada__real_time__clock)
/usr/local/openravenscar/lib/gcc-lib/sparc-ork-elf/2.8.1/adalib/libgnarl.a(a-retide.o)
                              ./fss.o (ada__real_time__delays__delay_until)
/usr/local/openravenscar/lib/gcc-lib/sparc-ork-elf/2.8.1/adalib/libgnarl.a(s-taprob.o)
                              ./devicesfss_v1.o (system__tasking__protected_objects__initialize_protection)
/usr/local/openravenscar/lib/gcc-lib/sparc-ork-elf/2.8.1/adalib/libgnarl.a(s-taprop.o)
                              /usr/local/openravenscar/lib/gcc-lib/sparc-ork-elf/2.8.1/adalib/libgnarl.a(a-retide.o) (system__task_primitives__operations__self)
/usr/local/openravenscar/lib/gcc-lib/sparc-ork-elf/2.8.1/adalib/libgnarl.a(s-tarest.o)
                              ./fss.o (system__tasking__restricted__stages__create_restricted_task)
/usr/local/openravenscar/lib/gcc-lib/sparc-ork-elf/2.8.1/adalib/libgnarl.a(s-tasdeb.o)
                              b~main.o (system__tasking__debug___elabs)
/usr/local/openravenscar/lib/gcc-lib/sparc-ork-elf/2.8.1/adalib/libgnarl.a(s-taskin.o)
                              /usr/local/openravenscar/lib/gcc-lib/sparc-ork-elf/2.8.1/adalib/libgnarl.a(s-tasdeb.o) (system__tasking__task_statesT)
/usr/local/openravenscar/lib/gcc-lib/sparc-ork-elf/2.8.1/adalib/libgnarl.a(s-taspri.o)
                              /usr/local/openravenscar/lib/gcc-lib/sparc-ork-elf/2.8.1/adalib/libgnarl.a(s-taskin.o) (system__task_primitives___init_proc)
/usr/local/openravenscar/lib/gcc-lib/sparc-ork-elf/2.8.1/adalib/libgnarl.a(kernel-interrupts.o)
                              b~main.o (kernel__interrupts___elabb)
/usr/local/openravenscar/lib/gcc-lib/sparc-ork-elf/2.8.1/adalib/libgnarl.a(kernel-threads.o)
                              b~main.o (kernel__threads___elabs)
/usr/local/openravenscar/lib/gcc-lib/sparc-ork-elf/2.8.1/adalib/libgnarl.a(kernel-threads-atcb.o)
                              /usr/local/openravenscar/lib/gcc-lib/sparc-ork-elf/2.8.1/adalib/libgnarl.a(s-taprop.o) (kernel__threads__atcb__set_atcb)
/usr/local/openravenscar/lib/gcc-lib/sparc-ork-elf/2.8.1/adalib/libgnarl.a(kernel-threads-queues.o)
                              /usr/local/openravenscar/lib/gcc-lib/sparc-ork-elf/2.8.1/adalib/libgnarl.a(s-taprop.o) (running_thread)
/usr/local/openravenscar/lib/gcc-lib/sparc-ork-elf/2.8.1/adalib/libgnarl.a(kernel-threads-protection.o)
                              /usr/local/openravenscar/lib/gcc-lib/sparc-ork-elf/2.8.1/adalib/libgnarl.a(kernel-threads.o) (kernel__threads__protection__dispatch)
/usr/local/openravenscar/lib/gcc-lib/sparc-ork-elf/2.8.1/adalib/libgnarl.a(kernel-time.o)
                              /usr/local/openravenscar/lib/gcc-lib/sparc-ork-elf/2.8.1/adalib/libgnarl.a(s-taprop.o) (kernel_clock)
/usr/local/openravenscar/lib/gcc-lib/sparc-ork-elf/2.8.1/adalib/libgnarl.a(kernel-memory.o)
                              /usr/local/openravenscar/sparc-ork-elf/lib/ada_crt0.o (environment_stack)
/usr/local/openravenscar/lib/gcc-lib/sparc-ork-elf/2.8.1/adalib/libgnarl.a(kernel-cpu_primitives.o)
                              /usr/local/openravenscar/lib/gcc-lib/sparc-ork-elf/2.8.1/adalib/libgnarl.a(kernel-threads-protection.o) (kernel__cpu_primitives__context_switch)
/usr/local/openravenscar/lib/gcc-lib/sparc-ork-elf/2.8.1/adalib/libgnarl.a(kernel-peripherals-registers.o)
                              b~main.o (kernel__peripherals__registers___elabs)
/usr/local/openravenscar/lib/gcc-lib/sparc-ork-elf/2.8.1/adalib/libgnarl.a(kernel-peripherals.o)
                              /usr/local/openravenscar/lib/gcc-lib/sparc-ork-elf/2.8.1/adalib/libgnarl.a(kernel-interrupts.o) (kernel__peripherals__to_vector)
/usr/local/openravenscar/lib/gcc-lib/sparc-ork-elf/2.8.1/adalib/libgnarl.a(kernel-serial_output.o)
                              ./devicesfss_v1.o (kernel__serial_output__put__2)
/usr/local/openravenscar/lib/gcc-lib/sparc-ork-elf/2.8.1/adalib/libgnarl.a(context.o)
                              /usr/local/openravenscar/sparc-ork-elf/lib/ada_crt0.o (context_trap)
/usr/local/openravenscar/lib/gcc-lib/sparc-ork-elf/2.8.1/adalib/libgnarl.a(install_handler.o)
                              /usr/local/openravenscar/sparc-ork-elf/lib/ada_crt0.o (FP_Save_Pending)
/usr/local/openravenscar/lib/gcc-lib/sparc-ork-elf/2.8.1/adalib/libgnarl.a(int_level.o)
                              /usr/local/openravenscar/lib/gcc-lib/sparc-ork-elf/2.8.1/adalib/libgnarl.a(kernel-threads-protection.o) (disable_interrupts)
/usr/local/openravenscar/lib/gcc-lib/sparc-ork-elf/2.8.1/adalib/libgnat.a(a-except.o)
                              b~main.o (ada__exceptions___elabs)
/usr/local/openravenscar/lib/gcc-lib/sparc-ork-elf/2.8.1/adalib/libgnat.a(a-filico.o)
                              b~main.o (ada__finalization__list_controller___elabs)
[...]
Memory Configuration

Name             Origin             Length             Attributes
rom              0x00000000         0x00200000         xr
ram              0x02000000         0x003f8000         xrw
*default*        0x00000000         0xffffffff

Linker script and memory map

                0x00200000                PROM_SIZE=0x200000
                0x00400000                RAM_SIZE=0x400000
                0x00000000                PROM_START=0x0
                0x00200000                PROM_END=(PROM_START+PROM_SIZE)
                0x02000000                RAM_START=0x2000000
                0x02400000                RAM_END=(RAM_START+RAM_SIZE)

.text           0x02000000    0x30f50
 CREATE_OBJECT_SYMBOLS
                0x02000000                text_start=.
 *(.text)
 .text          0x02000000     0x1384 /usr/local/openravenscar/sparc-ork-elf/lib/ada_crt0.o
                0x020011bc                __exit
                0x02000000                trap_table
                0x02000000                start
                0x020011bc                _exit
 .text          0x02001384      0x24c b~main.o
                0x020015b8                ada_main___elabb
                0x02001384                adainit
                0x02001538                main
                0x0200151c                adafinal
 .text          0x020015d0       0x1c ./main.o
                0x020015d0                _ada_main
 .text          0x020015ec      0x118 ./scenario_v1.o
                0x020015ec                scenario_v1___elabs
 .text          0x02001704     0x4aa8 ./devicesfss_v1.o
                0x020033c8                devicesfss_v1___init_proc__6
                0x020047ac                devicesfss_v1___init_proc__9
                0x02001d38                devicesfss_v1__read_light_intensity
                0x020055ec                devicesfss_v1__display_altitude
                0x0200341c                devicesfss_v1__read_pilotbutton
                0x02005d84                devicesfss_v1__display_cronometro
                0x02002854                devicesfss_v1___init_proc__4
                0x020059c0                devicesfss_v1__display_joystick
                0x020051dc                devicesfss_v1__light_1
                0x0200404c                devicesfss_v1__read_altitude
                0x02005704                devicesfss_v1__display_distance
                0x020047ec                devicesfss_v1__read_pitch
                0x020022ac                devicesfss_v1___init_proc__3
                0x02004004                devicesfss_v1___init_proc__8
                0x02005c74                devicesfss_v1__display_message
                0x02001764                devicesfss_v1__read_distance
                0x020058a8                devicesfss_v1__display_light_intensity
                0x02005934                devicesfss_v1__display_pilot_power
                0x020028b4                devicesfss_v1__read_power
                0x020039a8                devicesfss_v1__read_speed
                0x0200581c                devicesfss_v1__display_roll
                0x02005b8c                devicesfss_v1__display_pilot_button
                0x02004de4                devicesfss_v1__read_roll
                0x020060f4                devicesfss_v1___elabb
                0x02003968                devicesfss_v1___init_proc__7
                0x02001cd8                devicesfss_v1___init_proc__2
                0x0200528c                devicesfss_v1__light_2
                0x02002e7c                devicesfss_v1__read_pilotpresence
                0x02004814                devicesfss_v1__set_aircraft_pitch
                0x02005678                devicesfss_v1__display_speed
                0x02004e0c                devicesfss_v1__set_aircraft_roll
                0x0200230c                devicesfss_v1__read_joystick
                0x0200536c                devicesfss_v1__alarm
                0x02005aa4                devicesfss_v1__display_pilot_presence
                0x020039d0                devicesfss_v1__set_speed
                0x02005790                devicesfss_v1__display_pitch
                0x02002e28                devicesfss_v1___init_proc__5
                0x02004da4                devicesfss_v1___init_proc__10
                0x02001704                devicesfss_v1___init_proc
 .text          0x020061ac      0x9a8 ./workload.o
                0x020061ac                workload___elabs
                0x020065ac                workload__small_whetstone
                0x02006b3c                workload___elabb
 .text          0x02006b54      0xd08 ./tools.o
                0x0200782c                tools___elabb
                0x020077b8                tools__execution_time
                0x02007710                tools__finish_activity
                0x020075c0                tools__print_a_string
                0x02006e40                tools__print_chrono
                0x02007668                tools__start_activity
                0x02006b54                tools___elabs
                0x02007268                tools__print_an_integer
                0x02007420                tools__print_a_float
                0x02006ba0                tools__current_time
 .text          0x0200785c     0x15ec ./fss.o
                0x02007898                fss___init_proc
                0x0200785c                fss__background
                0x02008090                fss___init_proc__3
                0x02008c6c                fss___elabb
                0x02008014                fss___init_proc__2
 .text          0x02008e48      0x5e4 /usr/local/openravenscar/lib/gcc-lib/sparc-ork-elf/2.8.1/adalib/libgnarl.a(a-reatim.o)
                0x02008e74                ada__real_time__Oadd__2
                0x02009048                ada__real_time__split
                0x02008e64                ada__real_time__Oadd
                0x02008ec4                ada__real_time__Osubtract__4
                0x02008fc8                ada__real_time__nanoseconds
                0x02008f34                ada__real_time__Odivide__2
                0x02008ef0                ada__real_time__Odivide
                0x02008ea4                ada__real_time__Osubtract__2
                0x02008fb8                ada__real_time__to_duration
                0x02009360                ada__real_time__time_of
                0x02008e84                ada__real_time__Oadd__3
                0x02009018                ada__real_time__milliseconds
                0x02008e48                ada__real_time__clock
                0x02008fec                ada__real_time__microseconds
                0x02008e94                ada__real_time__Osubtract
                0x02008eb4                ada__real_time__Osubtract__3
                0x02008fc0                ada__real_time__to_time_span
                0x02008f8c                ada__real_time__Omultiply__2
                0x02008f60                ada__real_time__Omultiply
 .text          0x0200942c       0x68 /usr/local/openravenscar/lib/gcc-lib/sparc-ork-elf/2.8.1/adalib/libgnarl.a(a-retide.o)
                0x02009470                ada__real_time__delays__to_duration
                0x0200942c                ada__real_time__delays__delay_until
 .text          0x02009494      0x10c /usr/local/openravenscar/lib/gcc-lib/sparc-ork-elf/2.8.1/adalib/libgnarl.a(s-taprob.o)
                0x02009580                system__tasking__protected_objects___init_proc
                0x02009550                system__tasking__protected_objects__unlock
                0x020094c0                system__tasking__protected_objects__lock
                0x0200958c                system__tasking__protected_objects___init_proc__2
                0x02009494                system__tasking__protected_objects__initialize_protection
                0x02009508                system__tasking__protected_objects__lock_read_only
                0x02009568                system__tasking__protected_objects__finalize_protection
 .text          0x020095a0      0x978 /usr/local/openravenscar/lib/gcc-lib/sparc-ork-elf/2.8.1/adalib/libgnarl.a(s-taprop.o)
                0x02009820                system__task_primitives__operations__get_priority
                0x02009698                system__task_primitives__operations__unlock__2
                0x020099f8                system__task_primitives__operations__check_no_locks
                0x0200961c                system__task_primitives__operations__write_lock
                0x02009a58                system__task_primitives__operations__resume_task
                0x02009ad8                system__task_primitives__operations___elabb
                0x02009764                system__task_primitives__operations__clock
                0x02009638                system__task_primitives__operations__write_lock__2
                0x020095d8                system__task_primitives__operations__get_thread_id
                0x020096ec                system__task_primitives__operations__timed_delay
                0x02009800                system__task_primitives__operations__set_priority
                0x020096c8                system__task_primitives__operations__timed_sleep
                0x020095bc                system__task_primitives__operations__self
                0x020096b0                system__task_primitives__operations__sleep
                0x020099dc                system__task_primitives__operations__set_exit_task_procedure
                0x02009684                system__task_primitives__operations__unlock
                0x02009a10                system__task_primitives__operations__environment_task
                0x020095e4                system__task_primitives__operations__initialize_lock
                0x02009d0c                system__task_primitives__operations___init_proc
                0x020099c0                system__task_primitives__operations__exit_task
                0x02009788                system__task_primitives__operations__wakeup
                0x020095a0                system__task_primitives__operations__set
                0x020099e8                system__task_primitives__operations__abort_task
                0x02009a1c                system__task_primitives__operations__lock_all_tasks_list
                0x02009650                system__task_primitives__operations__write_lock__3
                0x020099b0                system__task_primitives__operations__finalize_tcb
                0x0200989c                system__task_primitives__operations__new_atcb
                0x02009a50                system__task_primitives__operations__suspend_task
                0x0200979c                system__task_primitives__operations__yield
                0x02009a38                system__task_primitives__operations__unlock_all_tasks_list
                0x02009a60                system__task_primitives__operations__initialize
                0x020099f0                system__task_primitives__operations__check_exit
                0x02009914                system__task_primitives__operations__initialize_tcb
                0x020095d0                system__task_primitives__operations__stack_guard
                0x02009614                system__task_primitives__operations__finalize_lock
                0x020099b8                system__task_primitives__operations__default_exit_task_procedure
                0x02009950                system__task_primitives__operations__create_task
                0x020095fc                system__task_primitives__operations__initialize_lock__2
                0x02009668                system__task_primitives__operations__read_lock
                0x02009838                system__task_primitives__operations__enter_task
 .text          0x02009f18      0x924 /usr/local/openravenscar/lib/gcc-lib/sparc-ork-elf/2.8.1/adalib/libgnarl.a(s-tarest.o)
                0x0200a18c                system__tasking__restricted__stages__create_restricted_task
                0x0200a68c                system__tasking__restricted__stages__restricted_terminated
                0x0200a39c                system__tasking__restricted__stages__activate_restricted_tasks
                0x0200a55c                system__tasking__restricted__stages__complete_restricted_activation
                0x0200a6a0                system__tasking__restricted__stages__finalize_global_tasks
                0x0200a6f4                system__tasking__restricted__stages___elabb
                0x0200a62c                system__tasking__restricted__stages__complete_restricted_task
 .text          0x0200a83c      0xf44 /usr/local/openravenscar/lib/gcc-lib/sparc-ork-elf/2.8.1/adalib/libgnarl.a(s-tasdeb.o)
                0x0200b4b4                system__tasking__debug__image
                0x0200b758                system__tasking__debug___init_proc__2
                0x0200b190                system__tasking__debug__print_current_task
                0x0200b404                system__tasking__debug__trace__2
                0x0200a83c                system__tasking__debug___elabs
                0x0200b1ac                system__tasking__debug__list_tasks
                0x0200b65c                system__tasking__debug__resume_all_tasks
                0x0200a8b4                system__tasking__debug__set_user_state
                0x0200afdc                system__tasking__debug__print_task_info_header
                0x0200b718                system__tasking__debug___init_proc
                0x0200a8a0                system__tasking__debug__self
                0x0200b694                system__tasking__debug___elabb
                0x0200b1ec                system__tasking__debug__print_accept_info
                0x0200b4a0                system__tasking__debug__set_trace
                0x0200b2b0                system__tasking__debug__trace
                0x0200b438                system__tasking__debug__trace__3
                0x0200b46c                system__tasking__debug__trace__4
                0x0200ab9c                system__tasking__debug__print_task_info
                0x0200a898                system__tasking__debug__task_termination_hook
                0x0200a890                system__tasking__debug__task_creation_hook
                0x0200b624                system__tasking__debug__suspend_all_tasks
 .text          0x0200b780      0x75c /usr/local/openravenscar/lib/gcc-lib/sparc-ork-elf/2.8.1/adalib/libgnarl.a(s-taskin.o)
                0x0200bb94                system__tasking___init_proc__3
                0x0200be3c                system__tasking___init_proc__8
                0x0200bdfc                system__tasking___init_proc__7
                0x0200b780                system__tasking__self
                0x0200bb5c                system__tasking___init_proc__2
                0x0200b8bc                system__tasking___elabb
                0x0200bc10                system__tasking___init_proc__4
                0x0200be48                system__tasking___init_proc__9
                0x0200bb08                system__tasking___init_proc
                0x0200bc64                system__tasking___init_proc__6
                0x0200b794                system__tasking__initialize_atcb
                0x0200bc1c                system__tasking___init_proc__5
 .text          0x0200bedc       0x14 /usr/local/openravenscar/lib/gcc-lib/sparc-ork-elf/2.8.1/adalib/libgnarl.a(s-taspri.o)
                0x0200bedc                system__task_primitives___init_proc
 .text          0x0200bef0      0x1f0 /usr/local/openravenscar/lib/gcc-lib/sparc-ork-elf/2.8.1/adalib/libgnarl.a(kernel-interrupts.o)
                0x0200bfb8                kernel_detach_interrupt_handler
                0x0200c000                kernel__interrupts___elabb
                0x0200bef0                kernel__interrupts__null_handler
                0x0200bef8                kernel__interrupts__wrapper
                0x0200bfe0                kernel_current_interrupt_handler
                0x0200bf58                kernel_attach_interrupt_handler
                0x0200c084                kernel__interrupts___init_proc__2
                0x0200c06c                kernel__interrupts___init_proc
 .text          0x0200c0e0      0x5dc /usr/local/openravenscar/lib/gcc-lib/sparc-ork-elf/2.8.1/adalib/libgnarl.a(kernel-threads.o)
                0x0200c0e0                kernel__threads___elabs
                0x0200c680                kernel__threads___init_proc__3
                0x0200c350                kernel_yield
                0x0200c450                kernel_check_no_mutexes
                0x0200c460                kernel_condition_init
                0x0200c2b0                kernel__threads__set_active_priority
                0x0200c264                kernel_set_priority
                0x0200c524                kernel_condition_signal
                0x0200c584                kernel_thread_create
                0x0200c16c                kernel__threads__default_dummy_task_function
                0x0200c64c                kernel_thread_self
                0x0200c11c                kernel__threads__thread_caller
                0x0200c468                kernel_condition_wait
                0x0200c17c                kernel_initialize
                0x0200c3f0                kernel_mutex_unlock
                0x0200c398                kernel_mutex_lock
                0x0200c38c                kernel_mutex_init
                0x0200c65c                kernel__threads___elabb
                0x0200c66c                kernel__threads___init_proc
                0x0200c678                kernel__threads___init_proc__2
                0x0200c334                kernel_get_priority
 .text          0x0200c6bc       0x28 /usr/local/openravenscar/lib/gcc-lib/sparc-ork-elf/2.8.1/adalib/libgnarl.a(kernel-threads-atcb.o)
                0x0200c6d4                kernel__threads__atcb___elabb
                0x0200c6c4                kernel__threads__atcb__thread_self_atcb
                0x0200c6bc                kernel__threads__atcb__set_atcb
 .text          0x0200c6e4      0x478 /usr/local/openravenscar/lib/gcc-lib/sparc-ork-elf/2.8.1/adalib/libgnarl.a(kernel-threads-queues.o)
                0x0200c8fc                kernel__threads__queues__insert_alarm
                0x0200c7a0                kernel__threads__queues__insert_at_tail
                0x0200c6fc                kernel__threads__queues__insert_at_head
                0x0200c9c8                kernel__threads__queues__extract_first_alarm
                0x0200c8b0                kernel__threads__queues__get_new_thread_descriptor
                0x0200cacc                kernel__threads__queues___init_proc
                0x0200c844                kernel__threads__queues__extract_from_ready
                0x0200c9f4                kernel__threads__queues__get_next_alarm_time
                0x0200ca28                kernel__threads__queues___elabb
                0x0200c88c                kernel__threads__queues__next_running
                0x0200c6f0                kernel__threads__queues__environment_thread_id
                0x0200c6e4                kernel__threads__queues__dummy_thread_id
 .text          0x0200cb5c      0x108 /usr/local/openravenscar/lib/gcc-lib/sparc-ork-elf/2.8.1/adalib/libgnarl.a(kernel-threads-protection.o)
                0x0200cb80                kernel__threads__protection__leave_kernel
                0x0200cb5c                kernel__threads__protection__dispatch
                0x0200cc54                kernel__threads__protection___elabb
                0x0200cb6c                kernel__threads__protection__enter_kernel
 .text          0x0200cc64      0x3c4 /usr/local/openravenscar/lib/gcc-lib/sparc-ork-elf/2.8.1/adalib/libgnarl.a(kernel-time.o)
                0x0200cd1c                kernel_delay_until
                0x0200cc64                kernel_clock
                0x0200cfe8                kernel__time___elabb
 .text          0x0200d028       0x9c /usr/local/openravenscar/lib/gcc-lib/sparc-ork-elf/2.8.1/adalib/libgnarl.a(kernel-memory.o)
                0x0200d084                kernel__memory___elabb
                0x0200d030                kernel_new_stack
                0x0200d028                kernel_new_memory_region
 .text          0x0200d0c4       0x88 /usr/local/openravenscar/lib/gcc-lib/sparc-ork-elf/2.8.1/adalib/libgnarl.a(kernel-cpu_primitives.o)
                0x0200d0c4                kernel__cpu_primitives__context_switch
                0x0200d0d0                kernel__cpu_primitives__initialize_context
                0x0200d13c                kernel__cpu_primitives___elabb
 .text          0x0200d14c       0x44 /usr/local/openravenscar/lib/gcc-lib/sparc-ork-elf/2.8.1/adalib/libgnarl.a(kernel-peripherals-registers.o)
                0x0200d14c                kernel__peripherals__registers___elabs
 .text          0x0200d190      0x6ac /usr/local/openravenscar/lib/gcc-lib/sparc-ork-elf/2.8.1/adalib/libgnarl.a(kernel-peripherals.o)
                0x0200d1a0                kernel__peripherals__stop_watch_dog
                0x0200d190                kernel__peripherals__to_vector
                0x0200d1bc                kernel__peripherals__init_clock
                0x0200d788                kernel__peripherals___elabb
                0x0200d2a0                kernel__peripherals__cancel_and_set_alarm
                0x0200d27c                kernel__peripherals__init_board
                0x0200d2b4                kernel__peripherals__set_alarm
                0x0200d428                kernel__peripherals__read_clock
                0x0200d498                kernel__peripherals__clear_alarm_interrupt
                0x0200d6c8                kernel__peripherals__uart_send
                0x0200d4a0                kernel__peripherals__clear_clock_interrupt
                0x0200d5dc                kernel__peripherals__init_uart
                0x0200d1b4                kernel__peripherals__memory_configuration
                0x0200d4a8                kernel__peripherals__protect_segment
                0x0200d198                kernel__peripherals__priority_of_interrupt
 .text          0x0200d83c       0xe4 /usr/local/openravenscar/lib/gcc-lib/sparc-ork-elf/2.8.1/adalib/libgnarl.a(kernel-serial_output.o)
                0x0200d894                kernel_new_line
                0x0200d8a8                kernel_put_line_c
                0x0200d854                kernel__serial_output__put__2
                0x0200d83c                kernel_put_c
                0x0200d8c4                kernel__serial_output__put_line__2
                0x0200d8f4                kernel__serial_output___elabb
 .text          0x0200d920      0x2dc /usr/local/openravenscar/lib/gcc-lib/sparc-ork-elf/2.8.1/adalib/libgnarl.a(context.o)
                0x0200dbf4                exit_from_context_switch
                0x0200d920                context_switch
                0x0200d92c                context_trap
 .text          0x0200dbfc      0x60c /usr/local/openravenscar/lib/gcc-lib/sparc-ork-elf/2.8.1/adalib/libgnarl.a(install_handler.o)
                0x0200dcb4                set_next_running
                0x0200dbfc                enable_traps
                0x0200dc60                install_trap_handler
                0x0200dc10                install_int_handler
 .text          0x0200e208       0x34 /usr/local/openravenscar/lib/gcc-lib/sparc-ork-elf/2.8.1/adalib/libgnarl.a(int_level.o)
                0x0200e208                disable_interrupts
                0x0200e220                enable_interrupts
 .text          0x0200e23c     0x25c0 /usr/local/openravenscar/lib/gcc-lib/sparc-ork-elf/2.8.1/adalib/libgnat.a(a-except.o)
                0x0200faa4                ada__exceptions__sdp_table_sort_move
                0x0200fc04                ada__exceptions__string_to_eid
                0x0200f2c0                __gnat_raise_nodefer_with_msg
                0x0200e46c                ada__exceptions__current_target_exception
                0x0200f438                ada__exceptions__raise_from_signal_handler
                0x0200e2bc                ada__exceptions__address_image
                0x0200f6bc                ada__exceptions__save_occurrence
                0x020102a0                __gnat_notify_exception
                0x0200ef80                ada__exceptions__propagate_exception
                0x0200edf4                ada__exceptions__exception_name_simple
                0x0200f610                __gnat_reraise
                0x0200f3a0                __gnat_raise_exception
                0x0200e23c                ada__exceptions___elabs
                0x0200e3c4                __gnat_break_start
                0x0200e3b0                ada__exceptions__allocate_machine_state
                0x0200e490                ada__exceptions__deallocate_machine_state
                0x0200e744                ada__exceptions__exception_information
                0x0200f570                __gnat_raise_storage_error
                0x0200e500                ada__exceptions__eo_to_string
                0x0200fa08                ada__exceptions__sdp_table_sort_lt
                0x02010714                ada__exceptions__raise_exception_no_defer
                0x0200ed00                ada__exceptions__exception_name__2
                0x020107bc                ada__exceptions__zzz
                0x0200e2ac                ada__exceptions__poll
                0x0200f590                ada__exceptions__raise_with_c_msg
                0x02010334                ada__exceptions__unhandled_exception_terminate
                0x0200e4a4                ada__exceptions__eid_to_string
                0x0200f750                ada__exceptions__save_occurrence__2
                0x0200f4fc                ada__exceptions__raise_with_location
                0x0200f4d4                ada__exceptions__raise_no_msg
                0x0200ec3c                ada__exceptions__exception_message
                0x0200fad4                ada__exceptions__set_exception_c_msg
                0x0200fd2c                ada__exceptions__string_to_eo
                0x0200f530                __gnat_raise_constraint_error
                0x0200f648                ada__exceptions__reraise_occurrence
                0x020107c4                ada__exceptions___elabb
                0x020107ec                ada__exceptions___init_proc
                0x0200edc4                ada__exceptions__exception_name
                0x0200e2b4                ada__exceptions__aaa
                0x0200f690                ada__exceptions__reraise_occurrence_no_defer
                0x0200e560                ada__exceptions__exception_identity
                0x0200f77c                __gnat_SDP_Table_Build
                0x02010298                __gnat_unhandled_exception
                0x0200e3cc                ada__exceptions__call_chain
                0x0200f5c4                __gnat_raise_with_msg
                0x0200f550                __gnat_raise_program_error
 .text          0x020107fc      0x2ec /usr/local/openravenscar/lib/gcc-lib/sparc-ork-elf/2.8.1/adalib/libgnat.a(a-filico.o)
                0x02010848                ada__finalization__list_controller___deep_finalize__2
                0x02010ab4                ada__finalization__list_controller___init_proc__2
                0x02010a78                ada__finalization__list_controller__finalize
                0x02010838                ada__finalization__list_controller___size__2
                0x02010a90                ada__finalization__list_controller___init_proc
                0x02010a44                ada__finalization__list_controller__finalize__2
                0x02010874                ada__finalization__list_controller___elabs
                0x020107fc                ada__finalization__list_controller___size
                0x02010a2c                ada__finalization__list_controller__initialize__2
                0x0201080c                ada__finalization__list_controller___deep_finalize
 .text          0x02010ae8      0x560 /usr/local/openravenscar/lib/gcc-lib/sparc-ork-elf/2.8.1/adalib/libgnat.a(a-finali.o)
                0x02010d48                ada__finalization___size__4
                0x02010fc8                ada__finalization__initialize
                0x02010fe0                ada__finalization__Oeq__2
                0x02011008                ada__finalization___init_proc
                0x02010b10                ada__finalization___write__3
                0x02011000                ada__finalization__finalize__2
                0x02010ae8                ada__finalization___size__3
                0x02010af8                ada__finalization___read__3
                0x02010fd0                ada__finalization__adjust
                0x02011028                ada__finalization___init_proc__2
                0x02010d84                ada__finalization___elabs
                0x02010fd8                ada__finalization__finalize
                0x02010cf4                ada__finalization___deep_adjust
                0x02010ff8                ada__finalization__initialize__2
                0x02010b28                ada__finalization___assign__3
                0x02010d1c                ada__finalization___deep_finalize
                0x02010d58                ada__finalization___deep_finalize__2
 .text          0x02011048       0x6c /usr/local/openravenscar/lib/gcc-lib/sparc-ork-elf/2.8.1/adalib/libgnat.a(a-ioexce.o)
                0x02011048                ada__io_exceptions___elabs
 .text          0x020110b4     0x1e98 /usr/local/openravenscar/lib/gcc-lib/sparc-ork-elf/2.8.1/adalib/libgnat.a(a-nuelfu.o)
                0x02012b70                ada__numerics__elementary_functions__sinh
                0x020119f8                ada__numerics__elementary_functions__arcsin
                0x020117e0                ada__numerics__elementary_functions__arccosh
                0x02011c24                ada__numerics__elementary_functions__arcsinh
                0x020110b4                ada__numerics__elementary_functions__Oexpon
                0x020118f4                ada__numerics__elementary_functions__arccoth
                0x020118d8                ada__numerics__elementary_functions__arccot__2
                0x02011acc                ada__numerics__elementary_functions__arcsin__2
                0x02011e54                ada__numerics__elementary_functions__arctan__2
                0x02011674                ada__numerics__elementary_functions__arccos__2
                0x02012154                ada__numerics__elementary_functions__cos
                0x02012c7c                ada__numerics__elementary_functions__sqrt
                0x02012d88                ada__numerics__elementary_functions__tan__2
                0x02012a74                ada__numerics__elementary_functions__sin__2
                0x02012904                ada__numerics__elementary_functions__log__2
                0x02012358                ada__numerics__elementary_functions__cot__2
                0x02012eb8                ada__numerics__elementary_functions__tanh
                0x020124c0                ada__numerics__elementary_functions__coth
                0x02012848                ada__numerics__elementary_functions__log
                0x02012204                ada__numerics__elementary_functions__cosh
                0x020118c0                ada__numerics__elementary_functions__arccot
                0x02011d44                ada__numerics__elementary_functions__arctan
                0x02012a2c                ada__numerics__elementary_functions__sin
                0x02011574                ada__numerics__elementary_functions__arccos
                0x020121c0                ada__numerics__elementary_functions__cos__2
                0x02012d00                ada__numerics__elementary_functions__tan
                0x020125b4                ada__numerics__elementary_functions__exp
                0x020122b0                ada__numerics__elementary_functions__cot
                0x02011fc8                ada__numerics__elementary_functions__arctanh
 .text          0x02012f4c       0x18 /usr/local/openravenscar/lib/gcc-lib/sparc-ork-elf/2.8.1/adalib/libgnat.a(a-numeri.o)
                0x02012f4c                ada__numerics___elabs
 .text          0x02012f64       0xc0 /usr/local/openravenscar/lib/gcc-lib/sparc-ork-elf/2.8.1/adalib/libgnat.a(a-stream.o)
                0x02012f7c                ada__streams___elabs
                0x02012f74                ada__streams___deep_finalize
                0x02012f64                ada__streams___size
                0x02013014                ada__streams___init_proc
 .text          0x02013024      0x934 /usr/local/openravenscar/lib/gcc-lib/sparc-ork-elf/2.8.1/adalib/libgnat.a(a-tags.o)
                0x0201368c                ada__tags__length
                0x020138f8                ada__tags___init_proc
                0x02013198                ada__tags__external_tag_htable__removeXn
                0x020137b0                ada__tags__get_rc_offset
                0x020138cc                ada__tags__set_remotely_callable
                0x02013894                ada__tags__set_prim_op_address
                0x02013874                ada__tags__register_tag
                0x02013814                ada__tags__inherit_tsd
                0x02013024                ada__tags___elabs
                0x0201378c                ada__tags__get_expanded_name
                0x020138a8                ada__tags__set_expanded_name
                0x020137bc                ada__tags__get_remotely_callable
                0x020133b4                ada__tags__expanded_name
                0x0201303c                ada__tags__external_tag_htable__getXn
                0x020137a4                ada__tags__get_inheritance_depth
                0x020137d4                ada__tags__get_tsd
                0x02013290                ada__tags__external_tag_htable__setXn
                0x0201374c                ada__tags__cw_membership
                0x020137dc                ada__tags__inherit_dt
                0x020130e4                ada__tags__external_tag_htable__get_nextXn
                0x020134bc                ada__tags__get_external_tag
                0x020134e0                ada__tags__internal_tag
                0x02013900                ada__tags___init_proc__2
                0x020136e8                ada__tags___elabb
                0x020138a0                ada__tags__set_tsd
                0x020138b4                ada__tags__set_external_tag
                0x02013304                ada__tags__get_ht_link
                0x020136c0                ada__tags__parent_size
                0x020132cc                ada__tags__equal
                0x020130b0                ada__tags__external_tag_htable__get_firstXn
                0x02013888                ada__tags__set_inheritance_depth
                0x02013438                ada__tags__external_tag
                0x02013120                ada__tags__external_tag_htable__get_non_nullXn
                0x02013798                ada__tags__get_prim_op_address
                0x020138c0                ada__tags__set_rc_offset
                0x02013370                ada__tags__hash
                0x02013250                ada__tags__external_tag_htable__resetXn
                0x020133a8                ada__tags__set_ht_link
                0x0201390c                ada__tags__external_tag_htable___init_procXn
 .text          0x02013958      0x25c /usr/local/openravenscar/lib/gcc-lib/sparc-ork-elf/2.8.1/adalib/libgnat.a(g-except.o)
                0x02013aa4                gnat__exceptions___deep_finalize
                0x02013970                gnat__exceptions___write
                0x020139ac                gnat__exceptions___output
                0x020139cc                gnat__exceptions___assign
                0x02013978                gnat__exceptions___input
                0x02013aac                gnat__exceptions___elabs
                0x02013968                gnat__exceptions___read
                0x02013958                gnat__exceptions___size
                0x02013ba4                gnat__exceptions___init_proc
                0x020139c4                gnat__exceptions__Oeq
                0x02013a9c                gnat__exceptions___deep_adjust
 .text          0x02013bb4      0x174 /usr/local/openravenscar/lib/gcc-lib/sparc-ork-elf/2.8.1/adalib/libgnat.a(g-hesora.o)
                0x02013c84                gnat__heap_sort_a__sort
 .text          0x02013d28      0xc6c /usr/local/openravenscar/lib/gcc-lib/sparc-ork-elf/2.8.1/adalib/libgnat.a(i-c.o)
                0x02014638                interfaces__c__to_c__4
                0x02014178                interfaces__c__to_ada__6
                0x02013d8c                interfaces__c__is_nul_terminated__2
                0x02013ddc                interfaces__c__to_ada
                0x02013de4                interfaces__c__to_ada__2
                0x020142a0                interfaces__c__to_c
                0x02013d40                interfaces__c__is_nul_terminated
                0x020147ec                interfaces__c__to_c__6
                0x02013f18                interfaces__c__to_ada__3
                0x02013d28                interfaces__c___elabs
                0x020144a0                interfaces__c__to_c__3
                0x02014038                interfaces__c__to_ada__5
                0x02014640                interfaces__c__to_c__5
                0x020142a8                interfaces__c__to_c__2
                0x02014030                interfaces__c__to_ada__4
 .text          0x02014994     0x13b4 /usr/local/openravenscar/lib/gcc-lib/sparc-ork-elf/2.8.1/adalib/libgnat.a(s-arit64.o)
                0x02014ad0                system__arith_64__hi
                0x02015078                system__arith_64__scaled_divide
                0x02015048                system__arith_64__raise_error
                0x02014a48                system__arith_64__Odivide
                0x020149bc                system__arith_64__Oadd__2
                0x02015c74                system__arith_64__subtract_with_ovflo_check
                0x020149ec                system__arith_64__Omultiply
                0x02014ae0                system__arith_64__lo
                0x02014a1c                system__arith_64__Omultiply__2
                0x02014b54                system__arith_64__double_divide
                0x02014e44                system__arith_64__multiply_with_ovflo_check
                0x02015d28                system__arith_64__to_pos_int
                0x02014994                system__arith_64__Oadd
                0x02014aa0                system__arith_64__Oconcat
                0x02015cf0                system__arith_64__to_neg_int
                0x02014a74                system__arith_64__Orem
                0x02014ae8                system__arith_64__add_with_ovflo_check
                0x020149d4                system__arith_64__Osubtract
 .text          0x02015d48      0x16c /usr/local/openravenscar/lib/gcc-lib/sparc-ork-elf/2.8.1/adalib/libgnat.a(s-except.o)
                0x02015d6c                system__exceptions___init_proc
                0x02015d48                system__exceptions___elabs
                0x02015e14                system__exceptions___init_proc__4
                0x02015db4                system__exceptions___init_proc__3
                0x02015e54                system__exceptions___init_proc__5
                0x02015d74                system__exceptions___init_proc__2
 .text          0x02015eb4      0x54c /usr/local/openravenscar/lib/gcc-lib/sparc-ork-elf/2.8.1/adalib/libgnat.a(s-exctab.o)
                0x020161c8                system__exception_table__get_key
                0x02015f5c                system__exception_table__exception_htable__get_nextXn
                0x02016190                system__exception_table__equal
                0x02016108                system__exception_table__exception_htable__setXn
                0x020163b4                system__exception_table__exception_htable___init_procXn
                0x02015eb4                system__exception_table__exception_htable__getXn
                0x0201614c                system__exception_table__get_ht_link
                0x020160c8                system__exception_table__exception_htable__resetXn
                0x02016144                system__exception_table__set_ht_link
                0x020161d0                system__exception_table__internal_exception
                0x02015f98                system__exception_table__exception_htable__get_non_nullXn
                0x02016154                system__exception_table__hash
                0x02015f28                system__exception_table__exception_htable__get_firstXn
                0x02016304                system__exception_table___elabb
                0x020162f0                system__exception_table__register_exception
                0x02016010                system__exception_table__exception_htable__removeXn
 .text          0x02016400      0x1c4 /usr/local/openravenscar/lib/gcc-lib/sparc-ork-elf/2.8.1/adalib/libgnat.a(s-exnflt.o)
                0x02016400                system__exn_flt__exn_float
 .text          0x020165c4      0xb2c /usr/local/openravenscar/lib/gcc-lib/sparc-ork-elf/2.8.1/adalib/libgnat.a(s-fatflt.o)
                0x02016f78                system__fat_flt__fat_float__truncation
                0x02016708                system__fat_flt__fat_float__decompose
                0x02016a9c                system__fat_flt__fat_float__model
                0x020169a4                system__fat_flt__fat_float__floor
                0x02016ab0                system__fat_flt__fat_float__pred
                0x02016d78                system__fat_flt__fat_float__scaling
                0x02016a2c                system__fat_flt__fat_float__leading_part
                0x02017028                system__fat_flt__fat_float__unbiased_rounding
                0x0201661c                system__fat_flt__fat_float__ceiling
                0x0201667c                system__fat_flt__fat_float__compose
                0x0201697c                system__fat_flt__fat_float__exponent
                0x02016a04                system__fat_flt__fat_float__fraction
                0x020168f4                system__fat_flt__fat_float__gradual_scaling
                0x02016b68                system__fat_flt__fat_float__remainder
                0x02016cf0                system__fat_flt__fat_float__rounding
                0x020165c4                system__fat_flt__fat_float__adjacent
                0x02016e90                system__fat_flt__fat_float__succ
                0x020170d0                system__fat_flt__fat_float__valid
                0x020166ac                system__fat_flt__fat_float__copy_sign
                0x02016a88                system__fat_flt__fat_float__machine
 .text          0x020170f0     0x13dc /usr/local/openravenscar/lib/gcc-lib/sparc-ork-elf/2.8.1/adalib/libgnat.a(s-finimp.o)
                0x02018310                system__finalization_implementation__deep_tag_attach
                0x0201731c                system__finalization_implementation___read__2
                0x02017970                system__finalization_implementation__detach_from_final_list
                0x020171b4                system__finalization_implementation___output
                0x02017dcc                system__finalization_implementation__finalize_list
                0x020173e8                system__finalization_implementation__Oeq__2
                0x0201849c                system__finalization_implementation___init_proc__2
                0x02017214                system__finalization_implementation___assign
                0x020183c8                system__finalization_implementation__initialize__2
                0x020177d4                system__finalization_implementation__attach_to_final_list
                0x02018174                system__finalization_implementation__deep_tag_adjust
                0x02017430                system__finalization_implementation___assign__2
                0x020171cc                system__finalization_implementation__Oeq
                0x0201715c                system__finalization_implementation___input
                0x02017138                system__finalization_implementation___write
                0x02018084                system__finalization_implementation__deep_tag_initialize
                0x020183c0                system__finalization_implementation__initialize
                0x02018478                system__finalization_implementation___init_proc
                0x02017340                system__finalization_implementation___write__2
                0x02017530                system__finalization_implementation___elabs
                0x020173d0                system__finalization_implementation___output__2
                0x02017364                system__finalization_implementation___input__2
                0x02017100                system__finalization_implementation___read
                0x02017f38                system__finalization_implementation__finalize_one
                0x02018240                system__finalization_implementation__deep_tag_finalize
                0x02017f10                system__finalization_implementation__finalize_global_list
                0x02018464                system__finalization_implementation__finalize
                0x0201730c                system__finalization_implementation___size__2
                0x02018430                system__finalization_implementation__adjust__2
                0x020170f0                system__finalization_implementation___size
 .text          0x020184cc      0x658 /usr/local/openravenscar/lib/gcc-lib/sparc-ork-elf/2.8.1/adalib/libgnat.a(s-finroo.o)
                0x020184cc                system__finalization_root___size
                0x02018b00                system__finalization_root___init_proc__2
                0x020184dc                system__finalization_root___read
                0x02018814                system__finalization_root___elabs
                0x020186cc                system__finalization_root__Oeq__2
                0x0201865c                system__finalization_root___input__2
                0x020184e4                system__finalization_root___write
                0x020184f4                system__finalization_root___assign
                0x02018ac0                system__finalization_root__finalize
                0x020186b4                system__finalization_root___output__2
                0x02018a60                system__finalization_root__initialize
                0x020184ec                system__finalization_root__Oeq
                0x020185d4                system__finalization_root___read__2
                0x0201862c                system__finalization_root___write__2
                0x020185c4                system__finalization_root___size__2
                0x02018a90                system__finalization_root__adjust
                0x02018724                system__finalization_root___assign__2
                0x02018af0                system__finalization_root___init_proc
 .text          0x02018b24      0x1b4 /usr/local/openravenscar/lib/gcc-lib/sparc-ork-elf/2.8.1/adalib/libgnat.a(s-imgint.o)
                0x02018c60                system__img_int__set_image_integer
                0x02018b24                system__img_int__image_integer
 .text          0x02018cd8      0xbc8 /usr/local/openravenscar/lib/gcc-lib/sparc-ork-elf/2.8.1/adalib/libgnat.a(s-imgrea.o)
                0x02018cd8                system__img_real__image_ordinary_fixed_point
                0x020193c4                system__img_real__set_image_real
                0x02018dac                system__img_real__image_floating_point
 .text          0x020198a0      0x160 /usr/local/openravenscar/lib/gcc-lib/sparc-ork-elf/2.8.1/adalib/libgnat.a(s-imguns.o)
                0x020198a0                system__img_uns__image_unsigned
                0x020199c0                system__img_uns__set_image_unsigned
 .text          0x02019a00       0x40 /usr/local/openravenscar/lib/gcc-lib/sparc-ork-elf/2.8.1/adalib/libgnat.a(s-mastop.o)
                0x02019a18                system__machine_state_operations__get_code_loc
                0x02019a00                system__machine_state_operations__allocate_machine_state
                0x02019a38                system__machine_state_operations__set_signal_machine_state
                0x02019a10                system__machine_state_operations__free_machine_state
                0x02019a20                system__machine_state_operations__machine_state_length
                0x02019a08                system__machine_state_operations__enter_handler
                0x02019a30                system__machine_state_operations__set_machine_state
                0x02019a28                system__machine_state_operations__pop_frame
 .text          0x02019a40       0x50 /usr/local/openravenscar/lib/gcc-lib/sparc-ork-elf/2.8.1/adalib/libgnat.a(s-parame.o)
                0x02019a48                system__parameters__minimum_stack_size
                0x02019a50                system__parameters__adjust_storage_size
                0x02019a40                system__parameters__default_stack_size
 .text          0x02019a90      0x314 /usr/local/openravenscar/lib/gcc-lib/sparc-ork-elf/2.8.1/adalib/libgnat.a(s-secsta.o)
                0x02019d9c                system__secondary_stack___init_proc__2
                0x02019d40                system__secondary_stack___elabb
                0x02019a90                system__secondary_stack__ss_allocate
                0x02019c84                system__secondary_stack__ss_free
                0x02019d20                system__secondary_stack__ss_release
                0x02019d00                system__secondary_stack__ss_mark
                0x02019d88                system__secondary_stack___init_proc
                0x02019c20                system__secondary_stack__ss_init
 .text          0x02019da4      0x1fc /usr/local/openravenscar/lib/gcc-lib/sparc-ork-elf/2.8.1/adalib/libgnat.a(s-sopco3.o)
                0x02019da4                system__string_ops_concat_3__str_concat_3
 .text          0x02019fa0      0x1e4 /usr/local/openravenscar/lib/gcc-lib/sparc-ork-elf/2.8.1/adalib/libgnat.a(s-stache.o)
                0x02019fa0                system__stack_checking___elabs
                0x02019fb8                _gnat_stack_check
                0x0201a13c                system__stack_checking__set_stack_size
                0x0201a174                system__stack_checking___init_proc
                0x0201a044                system__stack_checking__invalidate_stack_cache
                0x0201a164                system__stack_checking__update_stack_cache
 .text          0x0201a184       0x28 /usr/local/openravenscar/lib/gcc-lib/sparc-ork-elf/2.8.1/adalib/libgnat.a(s-stalib.o)
                0x0201a184                system__standard_library__abort_undefer_direct
                0x0201a1a0                system__standard_library___init_proc
 .text          0x0201a1ac       0x64 /usr/local/openravenscar/lib/gcc-lib/sparc-ork-elf/2.8.1/adalib/libgnat.a(s-stoele.o)
                0x0201a1cc                system__storage_elements__Omod
                0x0201a200                system__storage_elements__to_address
                0x0201a1b4                system__storage_elements__Oadd__2
                0x0201a1bc                system__storage_elements__Osubtract
                0x0201a1ac                system__storage_elements__Oadd
                0x0201a208                system__storage_elements__to_integer
                0x0201a1c4                system__storage_elements__Osubtract__2
 .text          0x0201a210     0x102c /usr/local/openravenscar/lib/gcc-lib/sparc-ork-elf/2.8.1/adalib/libgnat.a(s-stratt.o)
                0x0201a928                system__stream_attributes__i_si
                0x0201abe0                system__stream_attributes__w_ad
                0x0201a318                system__stream_attributes__i_b
                0x0201acd4                system__stream_attributes__w_c
                0x0201a4f0                system__stream_attributes__i_lf
                0x0201a8a0                system__stream_attributes__i_sf
                0x0201b15c                system__stream_attributes__w_su
                0x0201a37c                system__stream_attributes__i_c
                0x0201a620                system__stream_attributes__i_llf
                0x0201aa68                system__stream_attributes__i_su
                0x0201a770                system__stream_attributes__i_llu
                0x0201b058                system__stream_attributes__w_sf
                0x0201aae0                system__stream_attributes__i_u
                0x0201b1f8                system__stream_attributes__w_wc
                0x0201a210                system__stream_attributes__i_ad
                0x0201b1a0                system__stream_attributes__w_u
                0x0201b000                system__stream_attributes__w_lu
                0x0201aca0                system__stream_attributes__w_b
                0x0201af08                system__stream_attributes__w_lli
                0x0201aa04                system__stream_attributes__i_ssu
                0x0201a598                system__stream_attributes__i_li
                0x0201b0f4                system__stream_attributes__w_ssi
                0x0201b0b0                system__stream_attributes__w_si
                0x0201adb8                system__stream_attributes__w_lf
                0x0201a9a0                system__stream_attributes__i_ssi
                0x0201a3e0                system__stream_attributes__i_f
                0x0201ae34                system__stream_attributes__w_li
                0x0201ac50                system__stream_attributes__w_as
                0x0201ad60                system__stream_attributes__w_i
                0x0201a468                system__stream_attributes__i_i
                0x0201a6c8                system__stream_attributes__i_lli
                0x0201ab68                system__stream_attributes__i_wc
                0x0201ae8c                system__stream_attributes__w_llf
                0x0201b128                system__stream_attributes__w_ssu
                0x0201a288                system__stream_attributes__i_as
                0x0201ad08                system__stream_attributes__w_f
                0x0201af84                system__stream_attributes__w_llu
                0x0201a818                system__stream_attributes__i_lu
 .text          0x0201b23c      0x5b8 /usr/local/openravenscar/lib/gcc-lib/sparc-ork-elf/2.8.1/adalib/libgnat.a(s-strops.o)
                0x0201b660                system__string_ops__str_equal
                0x0201b538                system__string_ops__str_concat_sc
                0x0201b770                system__string_ops__str_normalize
                0x0201b23c                system__string_ops__str_concat
                0x0201b45c                system__string_ops__str_concat_cs
                0x0201b7b0                system__string_ops__wide_str_normalize
                0x0201b3fc                system__string_ops__str_concat_cc
 .text          0x0201b7f4      0x298 /usr/local/openravenscar/lib/gcc-lib/sparc-ork-elf/2.8.1/adalib/libgnat.a(s-soflin.o)
                0x0201b958                system__soft_links__set_jmpbuf_address_soft
                0x0201b8c4                system__soft_links__get_stack_info_nt
                0x0201ba20                system__soft_links___elabb
                0x0201b8b8                system__soft_links__get_current_excep_nt
                0x0201b9c8                system__soft_links__set_exc_stack_addr_soft
                0x0201b7f4                system__soft_links__abort_defer_nt
                0x0201b828                system__soft_links__check_abort_status_nt
                0x0201b870                system__soft_links__get_sec_stack_addr_nt
                0x0201b864                system__soft_links__set_jmpbuf_address_nt
                0x0201b848                system__soft_links__task_lock_nt
                0x0201ba04                system__soft_links__set_machine_state_addr_soft
                0x0201b838                system__soft_links__current_master_nt
                0x0201b7fc                system__soft_links__abort_handler_nt
                0x0201b8f4                system__soft_links__destroy_tsd
                0x0201b9ac                system__soft_links__get_exc_stack_addr_soft
                0x0201b858                system__soft_links__get_jmpbuf_address_nt
                0x0201b804                system__soft_links__abort_undefer_nt
                0x0201b8d0                system__soft_links__create_tsd
                0x0201b894                system__soft_links__set_machine_state_addr_nt
                0x0201b87c                system__soft_links__set_sec_stack_addr_nt
                0x0201b80c                system__soft_links__update_exception_nt
                0x0201b8ac                system__soft_links__set_exc_stack_addr_nt
                0x0201ba60                system__soft_links___init_proc
                0x0201b93c                system__soft_links__get_jmpbuf_address_soft
                0x0201b840                system__soft_links__enter_master_nt
                0x0201b9e8                system__soft_links__get_machine_state_addr_soft
                0x0201b990                system__soft_links__set_sec_stack_addr_soft
                0x0201b850                system__soft_links__task_unlock_nt
                0x0201b918                system__soft_links__get_gnat_exception
                0x0201b974                system__soft_links__get_sec_stack_addr_soft
                0x0201b830                system__soft_links__complete_master_nt
                0x0201b888                system__soft_links__get_machine_state_addr_nt
                0x0201b8a0                system__soft_links__get_exc_stack_addr_nt
 .text          0x0201ba8c       0x68 /usr/local/openravenscar/lib/gcc-lib/sparc-ork-elf/2.8.1/adalib/libgnat.a(s-traceb.o)
                0x0201baa0                system__traceback__get_code_loc
                0x0201bac8                system__traceback__pop_frame
                0x0201bab4                system__traceback__free_machine_state
                0x0201ba8c                system__traceback__allocate_machine_state
                0x0201bae0                system__traceback__set_machine_state
 .text          0x0201baf4       0xfc /usr/local/openravenscar/lib/gcc-lib/sparc-ork-elf/2.8.1/adalib/libgnat.a(a-argv.o)
                0x0201bbbc                fill_env
                0x0201bb60                env_count
                0x0201bb9c                len_env
                0x0201baf4                arg_count
                0x0201bb00                gnat_argval
                0x0201bb2c                fill_arg
                0x0201bb0c                len_arg
 .text          0x0201bbf0      0x14c /usr/local/openravenscar/lib/gcc-lib/sparc-ork-elf/2.8.1/adalib/libgnat.a(a-cio.o)
                0x0201bc10                put_int
                0x0201bc2c                get_char
                0x0201bbf0                get_int
                0x0201bd1c                put_char_stderr
                0x0201bc7c                put_char
 .text          0x0201bd3c        0xc /usr/local/openravenscar/lib/gcc-lib/sparc-ork-elf/2.8.1/adalib/libgnat.a(a-exit.o)
                0x0201bd3c                set_gnat_exit_status
 .text          0x0201bd48      0x1f4 /usr/local/openravenscar/lib/gcc-lib/sparc-ork-elf/2.8.1/adalib/libgnat.a(a-raise.o)
                0x0201bd48                _gnat_builtin_longjmp
                0x0201bda0                __gnat_malloc
                0x0201be58                __gnat_free
                0x0201bd88                __gnat_unhandled_terminate
                0x0201be94                __gnat_realloc
 .text          0x0201bf3c      0x410 /usr/local/openravenscar/lib/gcc-lib/sparc-ork-elf/2.8.1/adalib/libgnat.a(a-init.o)
                0x0201c130                __gnat_pop_frame
                0x0201c344                __gnat_init_float
                0x0201bf3c                __gnat_set_globals
                0x0201c33c                __gnat_get_code_loc
                0x0201bf94                __gnat_initialize
                0x0201c280                __gnat_enter_handler
                0x0201c334                __gnat_machine_state_length
                0x0201c1d4                __gnat_set_machine_state
 .text          0x0201c34c        0x8 /usr/local/openravenscar/lib/gcc-lib/sparc-ork-elf/2.8.1/adalib/libgnat.a(a-final.o)
                0x0201c34c                __gnat_finalize
 .text          0x0201c354      0xc1c /usr/local/openravenscar/lib/gcc-lib/sparc-ork-elf/2.8.1/adalib/libgnat.a(s-fatllf.o)
                0x0201c458                system__fat_llf__fat_long_long_float__copy_sign
                0x0201c6c8                system__fat_llf__fat_long_long_float__gradual_scaling
                0x0201ce9c                system__fat_llf__fat_long_long_float__unbiased_rounding
                0x0201c760                system__fat_llf__fat_long_long_float__exponent
                0x0201c424                system__fat_llf__fat_long_long_float__compose
                0x0201c78c                system__fat_llf__fat_long_long_float__floor
                0x0201c354                system__fat_llf__fat_long_long_float__adjacent
                0x0201c8b8                system__fat_llf__fat_long_long_float__pred
                0x0201c7f8                system__fat_llf__fat_long_long_float__fraction
                0x0201c978                system__fat_llf__fat_long_long_float__remainder
                0x0201cbc0                system__fat_llf__fat_long_long_float__scaling
                0x0201c3b8                system__fat_llf__fat_long_long_float__ceiling
                0x0201c4bc                system__fat_llf__fat_long_long_float__decompose
                0x0201cce8                system__fat_llf__fat_long_long_float__succ
                0x0201c824                system__fat_llf__fat_long_long_float__leading_part
                0x0201cb28                system__fat_llf__fat_long_long_float__rounding
                0x0201c8a0                system__fat_llf__fat_long_long_float__model
                0x0201cf48                system__fat_llf__fat_long_long_float__valid
                0x0201cdd8                system__fat_llf__fat_long_long_float__truncation
                0x0201c88c                system__fat_llf__fat_long_long_float__machine
 .text          0x0201cf70      0x18c /usr/local/openravenscar/lib/gcc-lib/sparc-ork-elf/2.8.1/adalib/libgnat.a(s-imgllu.o)
                0x0201cf70                system__img_llu__image_long_long_unsigned
                0x0201d0b8                system__img_llu__set_image_long_long_unsigned
 .text          0x0201d0fc      0x894 /usr/local/openravenscar/lib/gcc-lib/sparc-ork-elf/2.8.1/adalib/libgnat.a(a-adaint.o)
                0x0201d28c                get_object_suffix_ptr
                0x0201d238                Get_Default_Identifier_Character_Set
                0x0201d220                Get_Maximum_File_Name_Length
                0x0201d230                Get_File_Names_Case_Sensitive
                0x0201d4a8                file_time_name
                0x0201d248                Get_Pathsep_Char
                0x0201d328                open_read
                0x0201d240                Get_Dirsep_Char
                0x0201d540                is_regular_file
                0x0201d228                Get_Switch_Character
                0x0201d6f4                locate_regular_file
                0x0201d944                to_canonical_file_list_next
                0x0201d970                to_host_dir_spec
                0x0201d520                __gnat_file_exists
                0x0201d414                __gnat_mkdir
                0x0201d968                to_canonical_path_spec
                0x0201d5c0                is_writable_file
                0x0201d3ec                open_new_temp
                0x0201d5f4                portable_spawn
                0x0201d958                to_canonical_dir_spec
                0x0201d4e0                get_env_value_ptr
                0x0201d4c4                file_time_fd
                0x0201d4a0                readdir_is_thread_safe
                0x0201d3c4                open_new
                0x0201d0fc                to_gm_time
                0x0201d170                Try_Lock
                0x0201d960                to_canonical_file_spec
                0x0201d6b0                portable_wait
                0x0201d93c                to_canonical_file_list_init
                0x0201d988                convert_addresses
                0x0201d2c0                get_executable_suffix_ptr
                0x0201d580                is_directory
                0x0201d39c                open_append
                0x0201d374                open_create
                0x0201d34c                open_rw
                0x0201d42c                file_length
                0x0201d46c                readdir_gnat
                0x0201d980                adjust_os_resource_limits
                0x0201d880                locate_exec
                0x0201d670                portable_no_block_spawn
                0x0201d6e0                os_exit
                0x0201d514                Get_Libraries_From_Registry
                0x0201d950                to_canonical_file_list_free
                0x0201d250                Get_Current_Dir
                0x0201d978                to_host_file_spec
                0x0201d8f4                locate_exec_on_path
                0x0201d2f4                get_debuggable_suffix_ptr
 .text          0x0201d990      0x294 /usr/local/openravenscar/sparc-ork-elf/lib/libm.a(s_atan.o)
                0x0201d990                atan
 .text          0x0201dc24       0xf0 /usr/local/openravenscar/sparc-ork-elf/lib/libm.a(s_cos.o)
                0x0201dc24                cos
 .text          0x0201dd14       0x2c /usr/local/openravenscar/sparc-ork-elf/lib/libm.a(s_fabs.o)
                0x0201dd14                fabs
 .text          0x0201dd40       0xf0 /usr/local/openravenscar/sparc-ork-elf/lib/libm.a(s_sin.o)
                0x0201dd40                sin
 .text          0x0201de30       0x9c /usr/local/openravenscar/sparc-ork-elf/lib/libm.a(s_tan.o)
                0x0201de30                tan
 .text          0x0201decc      0x134 /usr/local/openravenscar/sparc-ork-elf/lib/libm.a(s_tanh.o)
                0x0201decc                tanh
 .text          0x0201e000       0xf8 /usr/local/openravenscar/sparc-ork-elf/lib/libm.a(w_acos.o)
                0x0201e000                acos
 .text          0x0201e0f8       0xf8 /usr/local/openravenscar/sparc-ork-elf/lib/libm.a(w_asin.o)
                0x0201e0f8                asin
 .text          0x0201e1f0      0x1c0 /usr/local/openravenscar/sparc-ork-elf/lib/libm.a(w_exp.o)
                0x0201e1f0                exp
 .text          0x0201e3b0      0x184 /usr/local/openravenscar/sparc-ork-elf/lib/libm.a(w_log.o)
                0x0201e3b0                log
 .text          0x0201e534      0x60c /usr/local/openravenscar/sparc-ork-elf/lib/libm.a(w_pow.o)
                0x0201e534                pow
 .text          0x0201eb40      0x118 /usr/local/openravenscar/sparc-ork-elf/lib/libm.a(w_sqrt.o)
                0x0201eb40                sqrt
 .text          0x0201ec58      0x3ac /usr/local/openravenscar/sparc-ork-elf/lib/libm.a(e_acos.o)
                0x0201ec58                __ieee754_acos
 .text          0x0201f004      0x340 /usr/local/openravenscar/sparc-ork-elf/lib/libm.a(e_asin.o)
                0x0201f004                __ieee754_asin
 .text          0x0201f344      0x2f0 /usr/local/openravenscar/sparc-ork-elf/lib/libm.a(e_exp.o)
                0x0201f344                __ieee754_exp
 .text          0x0201f634      0x310 /usr/local/openravenscar/sparc-ork-elf/lib/libm.a(e_log.o)
                0x0201f634                __ieee754_log
 .text          0x0201f944      0x99c /usr/local/openravenscar/sparc-ork-elf/lib/libm.a(e_pow.o)
                0x0201f944                __ieee754_pow
 .text          0x020202e0      0x3d8 /usr/local/openravenscar/sparc-ork-elf/lib/libm.a(e_rem_pio2.o)
                0x020202e0                __ieee754_rem_pio2
 .text          0x020206b8      0x264 /usr/local/openravenscar/sparc-ork-elf/lib/libm.a(e_sqrt.o)
                0x020206b8                __ieee754_sqrt
 .text          0x0202091c      0x17c /usr/local/openravenscar/sparc-ork-elf/lib/libm.a(k_cos.o)
                0x0202091c                __kernel_cos
 .text          0x02020a98      0x838 /usr/local/openravenscar/sparc-ork-elf/lib/libm.a(k_rem_pio2.o)
                0x02020a98                __kernel_rem_pio2
 .text          0x020212d0      0x11c /usr/local/openravenscar/sparc-ork-elf/lib/libm.a(k_sin.o)
                0x020212d0                __kernel_sin
 .text          0x020213ec      0x2b4 /usr/local/openravenscar/sparc-ork-elf/lib/libm.a(k_tan.o)
                0x020213ec                __kernel_tan
 .text          0x020216a0      0x40c /usr/local/openravenscar/sparc-ork-elf/lib/libm.a(s_expm1.o)
                0x020216a0                expm1
 .text          0x02021aac       0x18 /usr/local/openravenscar/sparc-ork-elf/lib/libm.a(s_finite.o)
                0x02021aac                finite
 .text          0x02021ac4      0x1a0 /usr/local/openravenscar/sparc-ork-elf/lib/libm.a(s_floor.o)
                0x02021ac4                floor
 .text          0x02021c64       0x28 /usr/local/openravenscar/sparc-ork-elf/lib/libm.a(s_isnan.o)
                0x02021c64                isnan
 .text          0x02021c8c        0x8 /usr/local/openravenscar/sparc-ork-elf/lib/libm.a(s_matherr.o)
                0x02021c8c                matherr
 .text          0x02021c94      0x1c8 /usr/local/openravenscar/sparc-ork-elf/lib/libm.a(s_rint.o)
                0x02021c94                rint
 .text          0x02021e5c      0x1d8 /usr/local/openravenscar/sparc-ork-elf/lib/libm.a(s_scalbn.o)
                0x02021e5c                scalbn
 .text          0x02022034       0x40 /usr/local/openravenscar/sparc-ork-elf/lib/libm.a(s_copysign.o)
                0x02022034                copysign
 .text          0x02022074        0x8 /usr/local/openravenscar/lib/gcc-lib/sparc-ork-elf/2.8.1/libgcc.a(__dummy.o)
                0x02022074                __dummy
 .text          0x0202207c       0x48 /usr/local/openravenscar/lib/gcc-lib/sparc-ork-elf/2.8.1/libgcc.a(_ashldi3.o)
                0x0202207c                __ashldi3
 .text          0x020220c4       0x38 /usr/local/openravenscar/lib/gcc-lib/sparc-ork-elf/2.8.1/libgcc.a(_cmpdi2.o)
                0x020220c4                __cmpdi2
 .text          0x020220fc      0x3c0 /usr/local/openravenscar/lib/gcc-lib/sparc-ork-elf/2.8.1/libgcc.a(_divdi3.o)
                0x020220fc                __divdi3
 .text          0x020224bc      0x1f4 /usr/local/openravenscar/lib/gcc-lib/sparc-ork-elf/2.8.1/libgcc.a(_divsi3.o)
                0x020224bc                udiv
                0x020224c8                div
 .text          0x020226b0       0x58 /usr/local/openravenscar/lib/gcc-lib/sparc-ork-elf/2.8.1/libgcc.a(_fixsfdi.o)
                0x020226b0                __fixsfdi
 .text          0x02022708      0x1c0 /usr/local/openravenscar/lib/gcc-lib/sparc-ork-elf/2.8.1/libgcc.a(_fixunsdfdi.o)
                0x02022708                __fixunsdfdi
 .text          0x020228c8      0x1c8 /usr/local/openravenscar/lib/gcc-lib/sparc-ork-elf/2.8.1/libgcc.a(_fixunssfdi.o)
                0x020228c8                __fixunssfdi
 .text          0x02022a90       0x54 /usr/local/openravenscar/lib/gcc-lib/sparc-ork-elf/2.8.1/libgcc.a(_floatdidf.o)
                0x02022a90                __floatdidf
 .text          0x02022ae4       0xa8 /usr/local/openravenscar/lib/gcc-lib/sparc-ork-elf/2.8.1/libgcc.a(_floatdisf.o)
                0x02022ae4                __floatdisf
 .text          0x02022b8c       0x48 /usr/local/openravenscar/lib/gcc-lib/sparc-ork-elf/2.8.1/libgcc.a(_lshrdi3.o)
                0x02022b8c                __lshrdi3
 .text          0x02022bd4      0x1f4 /usr/local/openravenscar/lib/gcc-lib/sparc-ork-elf/2.8.1/libgcc.a(_modsi3.o)
                0x02022bd4                urem
                0x02022be0                rem
 .text          0x02022dc8       0xe0 /usr/local/openravenscar/lib/gcc-lib/sparc-ork-elf/2.8.1/libgcc.a(_muldi3.o)
                0x02022dc8                __muldi3
 .text          0x02022ea8       0xe8 /usr/local/openravenscar/lib/gcc-lib/sparc-ork-elf/2.8.1/libgcc.a(_mulsi3.o)
                0x02022ea8                umul
 .text          0x02022f90      0x340 /usr/local/openravenscar/lib/gcc-lib/sparc-ork-elf/2.8.1/libgcc.a(_udivdi3.o)
                0x02022f90                __udivdi3
 .text          0x020232d0      0x39c /usr/local/openravenscar/lib/gcc-lib/sparc-ork-elf/2.8.1/libgcc.a(_umoddi3.o)
                0x020232d0                __umoddi3
 .text          0x0202366c      0xa48 /usr/local/openravenscar/lib/gcc-lib/sparc-ork-elf/2.8.1/libgcc.a(frame.o)
                0x02023f90                __frame_state_for
                0x02023f28                __deregister_frame_info
                0x02023f00                __register_frame_info_table
                0x02023ed8                __register_frame_info
 .text          0x020240b4       0x20 /usr/local/openravenscar/sparc-ork-elf/lib/libc.a(abort.o)
                0x020240b4                abort
 .text          0x020240d4       0x1c /usr/local/openravenscar/sparc-ork-elf/lib/libc.a(atoi.o)
                0x020240d4                atoi
 .text          0x020240f0        0xc /usr/local/openravenscar/sparc-ork-elf/lib/libc.a(errno.o)
                0x020240f0                __errno
 .text          0x020240fc       0x8c /usr/local/openravenscar/sparc-ork-elf/lib/libc.a(exit.o)
                0x020240fc                exit
 .text          0x02024188       0x90 /usr/local/openravenscar/sparc-ork-elf/lib/libc.a(fputc.o)
                0x02024188                fputc
 .text          0x02024218       0x40 /usr/local/openravenscar/sparc-ork-elf/lib/libc.a(getenv.o)
                0x02024238                getenv
                0x02024218                _findenv
 .text          0x02024258      0x100 /usr/local/openravenscar/sparc-ork-elf/lib/libc.a(getenv_r.o)
                0x02024258                _findenv_r
                0x0202433c                _getenv_r
 .text          0x02024358       0x1c /usr/local/openravenscar/sparc-ork-elf/lib/libc.a(gmtime.o)
                0x02024358                gmtime
 .text          0x02024374       0x20 /usr/local/openravenscar/sparc-ork-elf/lib/libc.a(lcltime.o)
                0x02024374                localtime
 .text          0x02024394      0x21c /usr/local/openravenscar/sparc-ork-elf/lib/libc.a(lcltime_r.o)
                0x02024394                localtime_r
 .text          0x020245b0       0x38 /usr/local/openravenscar/sparc-ork-elf/lib/libc.a(malloc.o)
                0x020245b0                malloc
                0x020245cc                free
 .text          0x020245e8      0x774 /usr/local/openravenscar/sparc-ork-elf/lib/libc.a(mallocr.o)
                0x020247b4                _malloc_r
 .text          0x02024d5c       0x80 /usr/local/openravenscar/sparc-ork-elf/lib/libc.a(memcmp.o)
                0x02024d5c                memcmp
 .text          0x02024ddc       0xc4 /usr/local/openravenscar/sparc-ork-elf/lib/libc.a(memcpy.o)
                0x02024ddc                memcpy
 .text          0x02024ea0       0xa4 /usr/local/openravenscar/sparc-ork-elf/lib/libc.a(memset.o)
                0x02024ea0                memset
 .text          0x02024f44       0x10 /usr/local/openravenscar/sparc-ork-elf/lib/libc.a(mlock.o)
                0x02024f4c                __malloc_unlock
                0x02024f44                __malloc_lock
 .text          0x02024f54       0x70 /usr/local/openravenscar/sparc-ork-elf/lib/libc.a(printf.o)
                0x02024f84                printf
                0x02024f54                _printf_r
 .text          0x02024fc4       0x20 /usr/local/openravenscar/sparc-ork-elf/lib/libc.a(realloc.o)
                0x02024fc4                realloc
 .text          0x02024fe4      0x50c /usr/local/openravenscar/sparc-ork-elf/lib/libc.a(reallocr.o)
                0x02024fe4                _realloc_r
 .text          0x020254f0       0x40 /usr/local/openravenscar/sparc-ork-elf/lib/libc.a(rget.o)
                0x020254f0                __srget
 .text          0x02025530       0x34 /usr/local/openravenscar/sparc-ork-elf/lib/libc.a(sbrkr.o)
                0x02025530                _sbrk_r
 .text          0x02025564       0x64 /usr/local/openravenscar/sparc-ork-elf/lib/libc.a(scanf.o)
                0x0202559c                _scanf_r
                0x02025564                scanf
 .text          0x020255c8      0x24c /usr/local/openravenscar/sparc-ork-elf/lib/libc.a(signal.o)
                0x02025624                _signal_r
                0x02025680                _raise_r
                0x0202571c                __sigtramp_r
                0x020257c0                signal
                0x020257e0                _init_signal
                0x020255c8                _init_signal_r
                0x020257f8                __sigtramp
                0x020257a4                raise
 .text          0x02025814       0x4c /usr/local/openravenscar/sparc-ork-elf/lib/libc.a(signalr.o)
                0x02025814                _kill_r
                0x0202584c                _getpid_r
 .text          0x02025860       0xb4 /usr/local/openravenscar/sparc-ork-elf/lib/libc.a(sprintf.o)
                0x02025860                _sprintf_r
                0x020258b4                sprintf
 .text          0x02025914       0x8c /usr/local/openravenscar/sparc-ork-elf/lib/libc.a(strcat.o)
                0x02025914                strcat
 .text          0x020259a0       0xb8 /usr/local/openravenscar/sparc-ork-elf/lib/libc.a(strcmp.o)
                0x020259a0                strcmp
 .text          0x02025a58       0x8c /usr/local/openravenscar/sparc-ork-elf/lib/libc.a(strcpy.o)
                0x02025a58                strcpy
 .text          0x02025ae4       0x78 /usr/local/openravenscar/sparc-ork-elf/lib/libc.a(strlen.o)
                0x02025ae4                strlen
 .text          0x02025b5c       0xcc /usr/local/openravenscar/sparc-ork-elf/lib/libc.a(strncmp.o)
                0x02025b5c                strncmp
 .text          0x02025c28       0xd4 /usr/local/openravenscar/sparc-ork-elf/lib/libc.a(strncpy.o)
                0x02025c28                strncpy
 .text          0x02025cfc       0x68 /usr/local/openravenscar/sparc-ork-elf/lib/libc.a(strstr.o)
                0x02025cfc                strstr
 .text          0x02025d64      0x1f8 /usr/local/openravenscar/sparc-ork-elf/lib/libc.a(strtol.o)
                0x02025f38                strtol
                0x02025d64                _strtol_r
 .text          0x02025f5c     0x19c4 /usr/local/openravenscar/sparc-ork-elf/lib/libc.a(vfprintf.o)
                0x02026060                _vfprintf_r
                0x02026040                vfprintf
 .text          0x02027920      0xf30 /usr/local/openravenscar/sparc-ork-elf/lib/libc.a(vfscanf.o)
                0x02027920                __svfscanf
                0x02028770                __sccl
 .text          0x02028850      0x10c /usr/local/openravenscar/sparc-ork-elf/lib/libc.a(wbuf.o)
                0x02028850                __swbuf
 .text          0x0202895c      0x10c /usr/local/openravenscar/sparc-ork-elf/lib/libc.a(wsetup.o)
                0x0202895c                __swsetup
 .text          0x02028a68       0x18 /usr/local/openravenscar/sparc-ork-elf/lib/libc.a(atof.o)
                0x02028a68                atof
 .text          0x02028a80     0x1250 /usr/local/openravenscar/sparc-ork-elf/lib/libc.a(dtoa.o)
                0x02028c6c                _dtoa_r
 .text          0x02029cd0       0x10 /usr/local/openravenscar/sparc-ork-elf/lib/libc.a(envlock.o)
                0x02029cd8                __env_unlock
                0x02029cd0                __env_lock
 .text          0x02029ce0       0xf0 /usr/local/openravenscar/sparc-ork-elf/lib/libc.a(fflush.o)
                0x02029ce0                fflush
 .text          0x02029dd0      0x228 /usr/local/openravenscar/sparc-ork-elf/lib/libc.a(findfp.o)
                0x02029f88                __sinit
                0x02029e2c                __sfmoreglue
                0x02029f70                _cleanup
                0x02029f54                _cleanup_r
                0x02029e84                __sfp
 .text          0x02029ff8       0xcc /usr/local/openravenscar/sparc-ork-elf/lib/libc.a(fread.o)
                0x02029ff8                fread
 .text          0x0202a0c4      0x3c0 /usr/local/openravenscar/sparc-ork-elf/lib/libc.a(freer.o)
                0x0202a0c4                _free_r
                0x0202a360                _malloc_trim_r
 .text          0x0202a484      0x380 /usr/local/openravenscar/sparc-ork-elf/lib/libc.a(fvwrite.o)
                0x0202a484                __sfvwrite
 .text          0x0202a804       0x60 /usr/local/openravenscar/sparc-ork-elf/lib/libc.a(fwalk.o)
                0x0202a804                _fwalk
 .text          0x0202a864       0xa4 /usr/local/openravenscar/sparc-ork-elf/lib/libc.a(locale.o)
                0x0202a864                _setlocale_r
                0x0202a8c4                _localeconv_r
                0x0202a8d0                setlocale
                0x0202a8f0                localeconv
 .text          0x0202a908      0x144 /usr/local/openravenscar/sparc-ork-elf/lib/libc.a(makebuf.o)
                0x0202a908                __smakebuf
 .text          0x0202aa4c       0x58 /usr/local/openravenscar/sparc-ork-elf/lib/libc.a(mbtowc_r.o)
                0x0202aa4c                _mbtowc_r
 .text          0x0202aaa4       0xd4 /usr/local/openravenscar/sparc-ork-elf/lib/libc.a(memchr.o)
                0x0202aaa4                memchr
 .text          0x0202ab78      0x110 /usr/local/openravenscar/sparc-ork-elf/lib/libc.a(memmove.o)
                0x0202ab78                memmove
 .text          0x0202ac88      0xd14 /usr/local/openravenscar/sparc-ork-elf/lib/libc.a(mprec.o)
                0x0202b950                _mprec_log10
                0x0202aefc                _hi0bits
                0x0202ac88                _Balloc
                0x0202b78c                _d2b
                0x0202b06c                _multiply
                0x0202b8c0                _ratio
                0x0202ae3c                _s2b
                0x0202b048                _i2b
                0x0202af7c                _lo0bits
                0x0202b43c                __mcmp
                0x0202b258                _pow5mult
                0x0202b600                _ulp
                0x0202b68c                _b2d
                0x0202ad58                _multadd
                0x0202b4a4                __mdiff
                0x0202b340                _lshift
                0x0202ad20                _Bfree
 .text          0x0202b99c      0x19c /usr/local/openravenscar/sparc-ork-elf/lib/libc.a(refill.o)
                0x0202b9b0                __srefill
 .text          0x0202bb38       0x38 /usr/local/openravenscar/sparc-ork-elf/lib/libc.a(s_isinf.o)
                0x0202bb38                isinf
 .text          0x0202bb70      0x104 /usr/local/openravenscar/sparc-ork-elf/lib/libc.a(stdio.o)
                0x0202bc0c                __sseek
                0x0202bb70                __sread
                0x0202bc5c                __sclose
                0x0202bbbc                __swrite
 .text          0x0202bc74      0xedc /usr/local/openravenscar/sparc-ork-elf/lib/libc.a(strtod.o)
                0x0202bc74                _strtod_r
                0x0202cb34                strtodf
                0x0202cb14                strtod
 .text          0x0202cb50      0x1d8 /usr/local/openravenscar/sparc-ork-elf/lib/libc.a(strtoul.o)
                0x0202cd04                strtoul
                0x0202cb50                _strtoul_r
 .text          0x0202cd28      0x228 /usr/local/openravenscar/sparc-ork-elf/lib/libc.a(ungetc.o)
                0x0202cdd8                ungetc
                0x0202cd28                __submore
 .text          0x0202cf50       0x3c /usr/local/openravenscar/sparc-ork-elf/lib/libc.a(writer.o)
                0x0202cf50                _write_r
 .text          0x0202cf8c       0xa8 /usr/local/openravenscar/sparc-ork-elf/lib/libc.a(callocr.o)
                0x0202cf8c                _calloc_r
 .text          0x0202d034       0x34 /usr/local/openravenscar/sparc-ork-elf/lib/libc.a(closer.o)
                0x0202d034                _close_r
 .text          0x0202d068       0x38 /usr/local/openravenscar/sparc-ork-elf/lib/libc.a(fstatr.o)
                0x0202d068                _fstat_r
 .text          0x0202d0a0       0x3c /usr/local/openravenscar/sparc-ork-elf/lib/libc.a(lseekr.o)
                0x0202d0a0                _lseek_r
 .text          0x0202d0dc       0x3c /usr/local/openravenscar/sparc-ork-elf/lib/libc.a(readr.o)
                0x0202d0dc                _read_r
 .text          0x0202d118      0x134 /usr/local/openravenscar/sparc-ork-elf/lib/libork.a(ada_exceptions.o)
                0x0202d118                Instruction_Access_Exception
                0x0202d1f4                Division_By_Zero
                0x0202d1c8                Stack_Overflow
                0x0202d144                Illegal_Instruction
                0x0202d220                Integer_Overflow
                0x0202d19c                FP_Exception
                0x0202d170                Address_Not_Aligned
 .text          0x0202d24c       0x1c /usr/local/openravenscar/sparc-ork-elf/lib/libork.a(close.o)
                0x0202d24c                close
 .text          0x0202d268       0x30 /usr/local/openravenscar/sparc-ork-elf/lib/libork.a(execv.o)
                0x0202d268                execv
 .text          0x0202d298       0x28 /usr/local/openravenscar/sparc-ork-elf/lib/libork.a(fork.o)
                0x0202d298                fork
 .text          0x0202d2c0       0x30 /usr/local/openravenscar/sparc-ork-elf/lib/libork.a(fstat.o)
                0x0202d2c0                fstat
 .text          0x0202d2f0       0x30 /usr/local/openravenscar/sparc-ork-elf/lib/libork.a(getcwd.o)
                0x0202d2f0                getcwd
 .text          0x0202d320       0x30 /usr/local/openravenscar/sparc-ork-elf/lib/libork.a(getpid.o)
                0x0202d320                getpid
                0x0202d338                getppid
 .text          0x0202d350       0x84 /usr/local/openravenscar/sparc-ork-elf/lib/libork.a(isatty.o)
                0x0202d350                isatty
 .text          0x0202d3d4       0x3c /usr/local/openravenscar/sparc-ork-elf/lib/libork.a(kill.o)
                0x0202d3d4                kill
 .text          0x0202d410       0x30 /usr/local/openravenscar/sparc-ork-elf/lib/libork.a(link.o)
                0x0202d410                link
 .text          0x0202d440       0x34 /usr/local/openravenscar/sparc-ork-elf/lib/libork.a(lseek.o)
                0x0202d440                lseek
 .text          0x0202d474       0x34 /usr/local/openravenscar/sparc-ork-elf/lib/libork.a(open.o)
                0x0202d474                open
 .text          0x0202d4a8      0x148 /usr/local/openravenscar/sparc-ork-elf/lib/libork.a(read.o)
                0x0202d4a8                read
 .text          0x0202d5f0       0x34 /usr/local/openravenscar/sparc-ork-elf/lib/libork.a(readdir.o)
                0x0202d5f0                readdir
 .text          0x0202d624       0x20 /usr/local/openravenscar/sparc-ork-elf/lib/libork.a(mkdir.o)
                0x0202d624                mkdir
 .text          0x0202d644       0xb0 /usr/local/openravenscar/sparc-ork-elf/lib/libork.a(sbrk.o)
                0x0202d644                sbrk
 .text          0x0202d6f4       0x30 /usr/local/openravenscar/sparc-ork-elf/lib/libork.a(stat.o)
                0x0202d6f4                stat
 .text          0x0202d724       0x2c /usr/local/openravenscar/sparc-ork-elf/lib/libork.a(unlink.o)
                0x0202d724                unlink
 .text          0x0202d750       0x2c /usr/local/openravenscar/sparc-ork-elf/lib/libork.a(wait.o)
                0x0202d750                wait
 .text          0x0202d77c       0xec /usr/local/openravenscar/sparc-ork-elf/lib/libork.a(write.o)
                0x0202d77c                write
 *fill*         0x0202d868        0x8
                0x0202d870                .=ALIGN(0x10)
 *(.eh_frame)
 .eh_frame      0x0202d870      0x11c /usr/local/openravenscar/lib/gcc-lib/sparc-ork-elf/2.8.1/adalib/libgnat.a(a-init.o)
 .eh_frame      0x0202d98c       0x24 /usr/local/openravenscar/lib/gcc-lib/sparc-ork-elf/2.8.1/libgcc.a(__dummy.o)
 .eh_frame      0x0202d9b0       0x24 /usr/local/openravenscar/lib/gcc-lib/sparc-ork-elf/2.8.1/libgcc.a(_ashldi3.o)
 .eh_frame      0x0202d9d4       0x24 /usr/local/openravenscar/lib/gcc-lib/sparc-ork-elf/2.8.1/libgcc.a(_cmpdi2.o)
 .eh_frame      0x0202d9f8       0x2c /usr/local/openravenscar/lib/gcc-lib/sparc-ork-elf/2.8.1/libgcc.a(_divdi3.o)
 .eh_frame      0x0202da24       0x2c /usr/local/openravenscar/lib/gcc-lib/sparc-ork-elf/2.8.1/libgcc.a(_fixsfdi.o)
 .eh_frame      0x0202da50       0x2c /usr/local/openravenscar/lib/gcc-lib/sparc-ork-elf/2.8.1/libgcc.a(_fixunsdfdi.o)
 .eh_frame      0x0202da7c       0x2c /usr/local/openravenscar/lib/gcc-lib/sparc-ork-elf/2.8.1/libgcc.a(_fixunssfdi.o)
 .eh_frame      0x0202daa8       0x28 /usr/local/openravenscar/lib/gcc-lib/sparc-ork-elf/2.8.1/libgcc.a(_floatdidf.o)
 .eh_frame      0x0202dad0       0x28 /usr/local/openravenscar/lib/gcc-lib/sparc-ork-elf/2.8.1/libgcc.a(_floatdisf.o)
 .eh_frame      0x0202daf8       0x24 /usr/local/openravenscar/lib/gcc-lib/sparc-ork-elf/2.8.1/libgcc.a(_lshrdi3.o)
 .eh_frame      0x0202db1c       0x2c /usr/local/openravenscar/lib/gcc-lib/sparc-ork-elf/2.8.1/libgcc.a(_muldi3.o)
 .eh_frame      0x0202db48       0x2c /usr/local/openravenscar/lib/gcc-lib/sparc-ork-elf/2.8.1/libgcc.a(_udivdi3.o)
 .eh_frame      0x0202db74       0x2c /usr/local/openravenscar/lib/gcc-lib/sparc-ork-elf/2.8.1/libgcc.a(_umoddi3.o)
 .eh_frame      0x0202dba0      0x11c /usr/local/openravenscar/lib/gcc-lib/sparc-ork-elf/2.8.1/libgcc.a(frame.o)
 *fill*         0x0202dcbc        0x4
                0x0202dcc0                .=ALIGN(0x10)
 *(.rodata)
 .rodata        0x0202dcc0       0x10 ./scenario_v1.o
 .rodata        0x0202dcd0      0x1b8 ./devicesfss_v1.o
 .rodata        0x0202de88       0x4c ./workload.o
 *fill*         0x0202ded4        0x4
 .rodata        0x0202ded8       0x6c ./tools.o
 *fill*         0x0202df44        0x4
 .rodata        0x0202df48      0x164 ./fss.o
 .rodata        0x0202e0ac        0x8 /usr/local/openravenscar/lib/gcc-lib/sparc-ork-elf/2.8.1/adalib/libgnarl.a(a-reatim.o)
 .rodata        0x0202e0b4        0x8 /usr/local/openravenscar/lib/gcc-lib/sparc-ork-elf/2.8.1/adalib/libgnarl.a(a-retide.o)
 *fill*         0x0202e0bc        0x4
 .rodata        0x0202e0c0       0x24 /usr/local/openravenscar/lib/gcc-lib/sparc-ork-elf/2.8.1/adalib/libgnarl.a(s-taprob.o)
 *fill*         0x0202e0e4        0x4
 .rodata        0x0202e0e8       0xd0 /usr/local/openravenscar/lib/gcc-lib/sparc-ork-elf/2.8.1/adalib/libgnarl.a(s-taprop.o)
 .rodata        0x0202e1b8       0x50 /usr/local/openravenscar/lib/gcc-lib/sparc-ork-elf/2.8.1/adalib/libgnarl.a(s-tarest.o)
 .rodata        0x0202e208      0x14a /usr/local/openravenscar/lib/gcc-lib/sparc-ork-elf/2.8.1/adalib/libgnarl.a(s-tasdeb.o)
 *fill*         0x0202e352        0x2
 .rodata        0x0202e354      0x300 /usr/local/openravenscar/lib/gcc-lib/sparc-ork-elf/2.8.1/adalib/libgnarl.a(s-taskin.o)
 .rodata        0x0202e654        0x8 /usr/local/openravenscar/lib/gcc-lib/sparc-ork-elf/2.8.1/adalib/libgnarl.a(kernel-interrupts.o)
 .rodata        0x0202e65c        0x4 /usr/local/openravenscar/lib/gcc-lib/sparc-ork-elf/2.8.1/adalib/libgnarl.a(kernel-threads-queues.o)
 .rodata        0x0202e660       0x7c /usr/local/openravenscar/lib/gcc-lib/sparc-ork-elf/2.8.1/adalib/libgnarl.a(kernel-peripherals.o)
 *fill*         0x0202e6dc        0x4
 .rodata        0x0202e6e0      0x184 /usr/local/openravenscar/lib/gcc-lib/sparc-ork-elf/2.8.1/adalib/libgnat.a(a-except.o)
 *fill*         0x0202e864        0x4
 .rodata        0x0202e868        0xd /usr/local/openravenscar/lib/gcc-lib/sparc-ork-elf/2.8.1/adalib/libgnat.a(a-finali.o)
 *fill*         0x0202e875        0x3
 .rodata        0x0202e878      0x82c /usr/local/openravenscar/lib/gcc-lib/sparc-ork-elf/2.8.1/adalib/libgnat.a(a-nuelfu.o)
 *fill*         0x0202f0a4        0x4
 .rodata        0x0202f0a8       0x42 /usr/local/openravenscar/lib/gcc-lib/sparc-ork-elf/2.8.1/adalib/libgnat.a(a-tags.o)
 *fill*         0x0202f0ea        0x6
 .rodata        0x0202f0f0        0xd /usr/local/openravenscar/lib/gcc-lib/sparc-ork-elf/2.8.1/adalib/libgnat.a(g-except.o)
 *fill*         0x0202f0fd        0x3
 .rodata        0x0202f100       0xab /usr/local/openravenscar/lib/gcc-lib/sparc-ork-elf/2.8.1/adalib/libgnat.a(i-c.o)
 *fill*         0x0202f1ab        0x5