Archive member included       because of file (symbol)

/usr/local/openravenscar/lib/gcc-lib/sparc-ork-elf/2.8.1/adalib/libgnarl.a(a-reatim.o)
                              ./devicesfss_v1.o (ada__real_time__clock)
/usr/local/openravenscar/lib/gcc-lib/sparc-ork-elf/2.8.1/adalib/libgnarl.a(a-retide.o)
                              ./fss.o (ada__real_time__delays__delay_until)
/usr/local/openravenscar/lib/gcc-lib/sparc-ork-elf/2.8.1/adalib/libgnarl.a(s-taprob.o)
                              ./devicesfss_v1.o (system__tasking__protected_objects__initialize_protection)
/usr/local/openravenscar/lib/gcc-lib/sparc-ork-elf/2.8.1/adalib/libgnarl.a(s-taprop.o)
                              /usr/local/openravenscar/lib/gcc-lib/sparc-ork-elf/2.8.1/adalib/libgnarl.a(a-retide.o) (system__task_primitives__operations__self)
/usr/local/openravenscar/lib/gcc-lib/sparc-ork-elf/2.8.1/adalib/libgnarl.a(s-tarest.o)
                              ./fss.o (system__tasking__restricted__stages__create_restricted_task)
/usr/local/openravenscar/lib/gcc-lib/sparc-ork-elf/2.8.1/adalib/libgnarl.a(s-tasdeb.o)
                              b~main.o (system__tasking__debug___elabs)
/usr/local/openravenscar/lib/gcc-lib/sparc-ork-elf/2.8.1/adalib/libgnarl.a(s-taskin.o)
                              /usr/local/openravenscar/lib/gcc-lib/sparc-ork-elf/2.8.1/adalib/libgnarl.a(s-tasdeb.o) (system__tasking__task_statesT)
/usr/local/openravenscar/lib/gcc-lib/sparc-ork-elf/2.8.1/adalib/libgnarl.a(s-taspri.o)
                              /usr/local/openravenscar/lib/gcc-lib/sparc-ork-elf/2.8.1/adalib/libgnarl.a(s-taskin.o) (system__task_primitives___init_proc)
/usr/local/openravenscar/lib/gcc-lib/sparc-ork-elf/2.8.1/adalib/libgnarl.a(kernel-interrupts.o)
                              b~main.o (kernel__interrupts___elabb)
/usr/local/openravenscar/lib/gcc-lib/sparc-ork-elf/2.8.1/adalib/libgnarl.a(kernel-threads.o)
                              b~main.o (kernel__threads___elabs)
/usr/local/openravenscar/lib/gcc-lib/sparc-ork-elf/2.8.1/adalib/libgnarl.a(kernel-threads-atcb.o)
                              /usr/local/openravenscar/lib/gcc-lib/sparc-ork-elf/2.8.1/adalib/libgnarl.a(s-taprop.o) (kernel__threads__atcb__set_atcb)
/usr/local/openravenscar/lib/gcc-lib/sparc-ork-elf/2.8.1/adalib/libgnarl.a(kernel-threads-queues.o)
                              /usr/local/openravenscar/lib/gcc-lib/sparc-ork-elf/2.8.1/adalib/libgnarl.a(s-taprop.o) (running_thread)
/usr/local/openravenscar/lib/gcc-lib/sparc-ork-elf/2.8.1/adalib/libgnarl.a(kernel-threads-protection.o)
                              /usr/local/openravenscar/lib/gcc-lib/sparc-ork-elf/2.8.1/adalib/libgnarl.a(kernel-threads.o) (kernel__threads__protection__dispatch)
/usr/local/openravenscar/lib/gcc-lib/sparc-ork-elf/2.8.1/adalib/libgnarl.a(kernel-time.o)
                              /usr/local/openravenscar/lib/gcc-lib/sparc-ork-elf/2.8.1/adalib/libgnarl.a(s-taprop.o) (kernel_clock)
/usr/local/openravenscar/lib/gcc-lib/sparc-ork-elf/2.8.1/adalib/libgnarl.a(kernel-memory.o)
                              /usr/local/openravenscar/sparc-ork-elf/lib/ada_crt0.o (environment_stack)
/usr/local/openravenscar/lib/gcc-lib/sparc-ork-elf/2.8.1/adalib/libgnarl.a(kernel-cpu_primitives.o)
                              /usr/local/openravenscar/lib/gcc-lib/sparc-ork-elf/2.8.1/adalib/libgnarl.a(kernel-threads-protection.o) (kernel__cpu_primitives__context_switch)
/usr/local/openravenscar/lib/gcc-lib/sparc-ork-elf/2.8.1/adalib/libgnarl.a(kernel-peripherals-registers.o)
                              b~main.o (kernel__peripherals__registers___elabs)
/usr/local/openravenscar/lib/gcc-lib/sparc-ork-elf/2.8.1/adalib/libgnarl.a(kernel-peripherals.o)
                              /usr/local/openravenscar/lib/gcc-lib/sparc-ork-elf/2.8.1/adalib/libgnarl.a(kernel-interrupts.o) (kernel__peripherals__to_vector)
/usr/local/openravenscar/lib/gcc-lib/sparc-ork-elf/2.8.1/adalib/libgnarl.a(kernel-serial_output.o)
                              ./devicesfss_v1.o (kernel__serial_output__put__2)
/usr/local/openravenscar/lib/gcc-lib/sparc-ork-elf/2.8.1/adalib/libgnarl.a(context.o)
                              /usr/local/openravenscar/sparc-ork-elf/lib/ada_crt0.o (context_trap)
/usr/local/openravenscar/lib/gcc-lib/sparc-ork-elf/2.8.1/adalib/libgnarl.a(install_handler.o)
                              /usr/local/openravenscar/sparc-ork-elf/lib/ada_crt0.o (FP_Save_Pending)
/usr/local/openravenscar/lib/gcc-lib/sparc-ork-elf/2.8.1/adalib/libgnarl.a(int_level.o)
                              /usr/local/openravenscar/lib/gcc-lib/sparc-ork-elf/2.8.1/adalib/libgnarl.a(kernel-threads-protection.o) (disable_interrupts)
/usr/local/openravenscar/lib/gcc-lib/sparc-ork-elf/2.8.1/adalib/libgnat.a(a-except.o)
                              b~main.o (ada__exceptions___elabs)
/usr/local/openravenscar/lib/gcc-lib/sparc-ork-elf/2.8.1/adalib/libgnat.a(a-filico.o)
                              b~main.o (ada__finalization__list_controller___elabs)
[...]
Memory Configuration

Name             Origin             Length             Attributes
rom              0x00000000         0x00200000         xr
ram              0x02000000         0x003f8000         xrw
*default*        0x00000000         0xffffffff

Linker script and memory map

                0x00200000                PROM_SIZE=0x200000
                0x00400000                RAM_SIZE=0x400000
                0x00000000                PROM_START=0x0
                0x00200000                PROM_END=(PROM_START+PROM_SIZE)
                0x02000000                RAM_START=0x2000000
                0x02400000                RAM_END=(RAM_START+RAM_SIZE)

.text           0x02000000    0x30a60
 CREATE_OBJECT_SYMBOLS
                0x02000000                text_start=.
 *(.text)
 .text          0x02000000     0x1384 /usr/local/openravenscar/sparc-ork-elf/lib/ada_crt0.o
                0x020011bc                __exit
                0x02000000                trap_table
                0x02000000                start
                0x020011bc                _exit
 .text          0x02001384      0x24c b~main.o
                0x020015b8                ada_main___elabb
                0x02001384                adainit
                0x02001538                main
                0x0200151c                adafinal
 .text          0x020015d0       0x1c ./main.o
                0x020015d0                _ada_main
 .text          0x020015ec      0x118 ./scenario_v1.o
                0x020015ec                scenario_v1___elabs
 .text          0x02001704     0x4aa8 ./devicesfss_v1.o
                0x020033c8                devicesfss_v1___init_proc__6
                0x020047ac                devicesfss_v1___init_proc__9
                0x02001d38                devicesfss_v1__read_light_intensity
                0x020055ec                devicesfss_v1__display_altitude
                0x0200341c                devicesfss_v1__read_pilotbutton
                0x02005d84                devicesfss_v1__display_cronometro
                0x02002854                devicesfss_v1___init_proc__4
                0x020059c0                devicesfss_v1__display_joystick
                0x020051dc                devicesfss_v1__light_1
                0x0200404c                devicesfss_v1__read_altitude
                0x02005704                devicesfss_v1__display_distance
                0x020047ec                devicesfss_v1__read_pitch
                0x020022ac                devicesfss_v1___init_proc__3
                0x02004004                devicesfss_v1___init_proc__8
                0x02005c74                devicesfss_v1__display_message
                0x02001764                devicesfss_v1__read_distance
                0x020058a8                devicesfss_v1__display_light_intensity
                0x02005934                devicesfss_v1__display_pilot_power
                0x020028b4                devicesfss_v1__read_power
                0x020039a8                devicesfss_v1__read_speed
                0x0200581c                devicesfss_v1__display_roll
                0x02005b8c                devicesfss_v1__display_pilot_button
                0x02004de4                devicesfss_v1__read_roll
                0x020060f4                devicesfss_v1___elabb
                0x02003968                devicesfss_v1___init_proc__7
                0x02001cd8                devicesfss_v1___init_proc__2
                0x0200528c                devicesfss_v1__light_2
                0x02002e7c                devicesfss_v1__read_pilotpresence
                0x02004814                devicesfss_v1__set_aircraft_pitch
                0x02005678                devicesfss_v1__display_speed
                0x02004e0c                devicesfss_v1__set_aircraft_roll
                0x0200230c                devicesfss_v1__read_joystick
                0x0200536c                devicesfss_v1__alarm
                0x02005aa4                devicesfss_v1__display_pilot_presence
                0x020039d0                devicesfss_v1__set_speed
                0x02005790                devicesfss_v1__display_pitch
                0x02002e28                devicesfss_v1___init_proc__5
                0x02004da4                devicesfss_v1___init_proc__10
                0x02001704                devicesfss_v1___init_proc
 .text          0x020061ac      0x9a8 ./workload.o
                0x020061ac                workload___elabs
                0x020065ac                workload__small_whetstone
                0x02006b3c                workload___elabb
 .text          0x02006b54      0xd08 ./tools.o
                0x0200782c                tools___elabb
                0x020077b8                tools__execution_time
                0x02007710                tools__finish_activity
                0x020075c0                tools__print_a_string
                0x02006e40                tools__print_chrono
                0x02007668                tools__start_activity
                0x02006b54                tools___elabs
                0x02007268                tools__print_an_integer
                0x02007420                tools__print_a_float
                0x02006ba0                tools__current_time
 .text          0x0200785c     0x1128 ./fss.o
                0x02007898                fss___init_proc
                0x0200785c                fss__background
                0x0200882c                fss___elabb
                0x02008014                fss___init_proc__2
 .text          0x02008984      0x5e4 /usr/local/openravenscar/lib/gcc-lib/sparc-ork-elf/2.8.1/adalib/libgnarl.a(a-reatim.o)
                0x020089b0                ada__real_time__Oadd__2
                0x02008b84                ada__real_time__split
                0x020089a0                ada__real_time__Oadd
                0x02008a00                ada__real_time__Osubtract__4
                0x02008b04                ada__real_time__nanoseconds
                0x02008a70                ada__real_time__Odivide__2
                0x02008a2c                ada__real_time__Odivide
                0x020089e0                ada__real_time__Osubtract__2
                0x02008af4                ada__real_time__to_duration
                0x02008e9c                ada__real_time__time_of
                0x020089c0                ada__real_time__Oadd__3
                0x02008b54                ada__real_time__milliseconds
                0x02008984                ada__real_time__clock
                0x02008b28                ada__real_time__microseconds
                0x020089d0                ada__real_time__Osubtract
                0x020089f0                ada__real_time__Osubtract__3
                0x02008afc                ada__real_time__to_time_span
                0x02008ac8                ada__real_time__Omultiply__2
                0x02008a9c                ada__real_time__Omultiply
 .text          0x02008f68       0x68 /usr/local/openravenscar/lib/gcc-lib/sparc-ork-elf/2.8.1/adalib/libgnarl.a(a-retide.o)
                0x02008fac                ada__real_time__delays__to_duration
                0x02008f68                ada__real_time__delays__delay_until
 .text          0x02008fd0      0x10c /usr/local/openravenscar/lib/gcc-lib/sparc-ork-elf/2.8.1/adalib/libgnarl.a(s-taprob.o)
                0x020090bc                system__tasking__protected_objects___init_proc
                0x0200908c                system__tasking__protected_objects__unlock
                0x02008ffc                system__tasking__protected_objects__lock
                0x020090c8                system__tasking__protected_objects___init_proc__2
                0x02008fd0                system__tasking__protected_objects__initialize_protection
                0x02009044                system__tasking__protected_objects__lock_read_only
                0x020090a4                system__tasking__protected_objects__finalize_protection
 .text          0x020090dc      0x978 /usr/local/openravenscar/lib/gcc-lib/sparc-ork-elf/2.8.1/adalib/libgnarl.a(s-taprop.o)
                0x0200935c                system__task_primitives__operations__get_priority
                0x020091d4                system__task_primitives__operations__unlock__2
                0x02009534                system__task_primitives__operations__check_no_locks
                0x02009158                system__task_primitives__operations__write_lock
                0x02009594                system__task_primitives__operations__resume_task
                0x02009614                system__task_primitives__operations___elabb
                0x020092a0                system__task_primitives__operations__clock
                0x02009174                system__task_primitives__operations__write_lock__2
                0x02009114                system__task_primitives__operations__get_thread_id
                0x02009228                system__task_primitives__operations__timed_delay
                0x0200933c                system__task_primitives__operations__set_priority
                0x02009204                system__task_primitives__operations__timed_sleep
                0x020090f8                system__task_primitives__operations__self
                0x020091ec                system__task_primitives__operations__sleep
                0x02009518                system__task_primitives__operations__set_exit_task_procedure
                0x020091c0                system__task_primitives__operations__unlock
                0x0200954c                system__task_primitives__operations__environment_task
                0x02009120                system__task_primitives__operations__initialize_lock
                0x02009848                system__task_primitives__operations___init_proc
                0x020094fc                system__task_primitives__operations__exit_task
                0x020092c4                system__task_primitives__operations__wakeup
                0x020090dc                system__task_primitives__operations__set
                0x02009524                system__task_primitives__operations__abort_task
                0x02009558                system__task_primitives__operations__lock_all_tasks_list
                0x0200918c                system__task_primitives__operations__write_lock__3
                0x020094ec                system__task_primitives__operations__finalize_tcb
                0x020093d8                system__task_primitives__operations__new_atcb
                0x0200958c                system__task_primitives__operations__suspend_task
                0x020092d8                system__task_primitives__operations__yield
                0x02009574                system__task_primitives__operations__unlock_all_tasks_list
                0x0200959c                system__task_primitives__operations__initialize
                0x0200952c                system__task_primitives__operations__check_exit
                0x02009450                system__task_primitives__operations__initialize_tcb
                0x0200910c                system__task_primitives__operations__stack_guard
                0x02009150                system__task_primitives__operations__finalize_lock
                0x020094f4                system__task_primitives__operations__default_exit_task_procedure
                0x0200948c                system__task_primitives__operations__create_task
                0x02009138                system__task_primitives__operations__initialize_lock__2
                0x020091a4                system__task_primitives__operations__read_lock
                0x02009374                system__task_primitives__operations__enter_task
 .text          0x02009a54      0x924 /usr/local/openravenscar/lib/gcc-lib/sparc-ork-elf/2.8.1/adalib/libgnarl.a(s-tarest.o)
                0x02009cc8                system__tasking__restricted__stages__create_restricted_task
                0x0200a1c8                system__tasking__restricted__stages__restricted_terminated
                0x02009ed8                system__tasking__restricted__stages__activate_restricted_tasks
                0x0200a098                system__tasking__restricted__stages__complete_restricted_activation
                0x0200a1dc                system__tasking__restricted__stages__finalize_global_tasks
                0x0200a230                system__tasking__restricted__stages___elabb
                0x0200a168                system__tasking__restricted__stages__complete_restricted_task
 .text          0x0200a378      0xf44 /usr/local/openravenscar/lib/gcc-lib/sparc-ork-elf/2.8.1/adalib/libgnarl.a(s-tasdeb.o)
                0x0200aff0                system__tasking__debug__image
                0x0200b294                system__tasking__debug___init_proc__2
                0x0200accc                system__tasking__debug__print_current_task
                0x0200af40                system__tasking__debug__trace__2
                0x0200a378                system__tasking__debug___elabs
                0x0200ace8                system__tasking__debug__list_tasks
                0x0200b198                system__tasking__debug__resume_all_tasks
                0x0200a3f0                system__tasking__debug__set_user_state
                0x0200ab18                system__tasking__debug__print_task_info_header
                0x0200b254                system__tasking__debug___init_proc
                0x0200a3dc                system__tasking__debug__self
                0x0200b1d0                system__tasking__debug___elabb
                0x0200ad28                system__tasking__debug__print_accept_info
                0x0200afdc                system__tasking__debug__set_trace
                0x0200adec                system__tasking__debug__trace
                0x0200af74                system__tasking__debug__trace__3
                0x0200afa8                system__tasking__debug__trace__4
                0x0200a6d8                system__tasking__debug__print_task_info
                0x0200a3d4                system__tasking__debug__task_termination_hook
                0x0200a3cc                system__tasking__debug__task_creation_hook
                0x0200b160                system__tasking__debug__suspend_all_tasks
 .text          0x0200b2bc      0x75c /usr/local/openravenscar/lib/gcc-lib/sparc-ork-elf/2.8.1/adalib/libgnarl.a(s-taskin.o)
                0x0200b6d0                system__tasking___init_proc__3
                0x0200b978                system__tasking___init_proc__8
                0x0200b938                system__tasking___init_proc__7
                0x0200b2bc                system__tasking__self
                0x0200b698                system__tasking___init_proc__2
                0x0200b3f8                system__tasking___elabb
                0x0200b74c                system__tasking___init_proc__4
                0x0200b984                system__tasking___init_proc__9
                0x0200b644                system__tasking___init_proc
                0x0200b7a0                system__tasking___init_proc__6
                0x0200b2d0                system__tasking__initialize_atcb
                0x0200b758                system__tasking___init_proc__5
 .text          0x0200ba18       0x14 /usr/local/openravenscar/lib/gcc-lib/sparc-ork-elf/2.8.1/adalib/libgnarl.a(s-taspri.o)
                0x0200ba18                system__task_primitives___init_proc
 .text          0x0200ba2c      0x1f0 /usr/local/openravenscar/lib/gcc-lib/sparc-ork-elf/2.8.1/adalib/libgnarl.a(kernel-interrupts.o)
                0x0200baf4                kernel_detach_interrupt_handler
                0x0200bb3c                kernel__interrupts___elabb
                0x0200ba2c                kernel__interrupts__null_handler
                0x0200ba34                kernel__interrupts__wrapper
                0x0200bb1c                kernel_current_interrupt_handler
                0x0200ba94                kernel_attach_interrupt_handler
                0x0200bbc0                kernel__interrupts___init_proc__2
                0x0200bba8                kernel__interrupts___init_proc
 .text          0x0200bc1c      0x5dc /usr/local/openravenscar/lib/gcc-lib/sparc-ork-elf/2.8.1/adalib/libgnarl.a(kernel-threads.o)
                0x0200bc1c                kernel__threads___elabs
                0x0200c1bc                kernel__threads___init_proc__3
                0x0200be8c                kernel_yield
                0x0200bf8c                kernel_check_no_mutexes
                0x0200bf9c                kernel_condition_init
                0x0200bdec                kernel__threads__set_active_priority
                0x0200bda0                kernel_set_priority
                0x0200c060                kernel_condition_signal
                0x0200c0c0                kernel_thread_create
                0x0200bca8                kernel__threads__default_dummy_task_function
                0x0200c188                kernel_thread_self
                0x0200bc58                kernel__threads__thread_caller
                0x0200bfa4                kernel_condition_wait
                0x0200bcb8                kernel_initialize
                0x0200bf2c                kernel_mutex_unlock
                0x0200bed4                kernel_mutex_lock
                0x0200bec8                kernel_mutex_init
                0x0200c198                kernel__threads___elabb
                0x0200c1a8                kernel__threads___init_proc
                0x0200c1b4                kernel__threads___init_proc__2
                0x0200be70                kernel_get_priority
 .text          0x0200c1f8       0x28 /usr/local/openravenscar/lib/gcc-lib/sparc-ork-elf/2.8.1/adalib/libgnarl.a(kernel-threads-atcb.o)
                0x0200c210                kernel__threads__atcb___elabb
                0x0200c200                kernel__threads__atcb__thread_self_atcb
                0x0200c1f8                kernel__threads__atcb__set_atcb
 .text          0x0200c220      0x478 /usr/local/openravenscar/lib/gcc-lib/sparc-ork-elf/2.8.1/adalib/libgnarl.a(kernel-threads-queues.o)
                0x0200c438                kernel__threads__queues__insert_alarm
                0x0200c2dc                kernel__threads__queues__insert_at_tail
                0x0200c238                kernel__threads__queues__insert_at_head
                0x0200c504                kernel__threads__queues__extract_first_alarm
                0x0200c3ec                kernel__threads__queues__get_new_thread_descriptor
                0x0200c608                kernel__threads__queues___init_proc
                0x0200c380                kernel__threads__queues__extract_from_ready
                0x0200c530                kernel__threads__queues__get_next_alarm_time
                0x0200c564                kernel__threads__queues___elabb
                0x0200c3c8                kernel__threads__queues__next_running
                0x0200c22c                kernel__threads__queues__environment_thread_id
                0x0200c220                kernel__threads__queues__dummy_thread_id
 .text          0x0200c698      0x108 /usr/local/openravenscar/lib/gcc-lib/sparc-ork-elf/2.8.1/adalib/libgnarl.a(kernel-threads-protection.o)
                0x0200c6bc                kernel__threads__protection__leave_kernel
                0x0200c698                kernel__threads__protection__dispatch
                0x0200c790                kernel__threads__protection___elabb
                0x0200c6a8                kernel__threads__protection__enter_kernel
 .text          0x0200c7a0      0x3c4 /usr/local/openravenscar/lib/gcc-lib/sparc-ork-elf/2.8.1/adalib/libgnarl.a(kernel-time.o)
                0x0200c858                kernel_delay_until
                0x0200c7a0                kernel_clock
                0x0200cb24                kernel__time___elabb
 .text          0x0200cb64       0x9c /usr/local/openravenscar/lib/gcc-lib/sparc-ork-elf/2.8.1/adalib/libgnarl.a(kernel-memory.o)
                0x0200cbc0                kernel__memory___elabb
                0x0200cb6c                kernel_new_stack
                0x0200cb64                kernel_new_memory_region
 .text          0x0200cc00       0x88 /usr/local/openravenscar/lib/gcc-lib/sparc-ork-elf/2.8.1/adalib/libgnarl.a(kernel-cpu_primitives.o)
                0x0200cc00                kernel__cpu_primitives__context_switch
                0x0200cc0c                kernel__cpu_primitives__initialize_context
                0x0200cc78                kernel__cpu_primitives___elabb
 .text          0x0200cc88       0x44 /usr/local/openravenscar/lib/gcc-lib/sparc-ork-elf/2.8.1/adalib/libgnarl.a(kernel-peripherals-registers.o)
                0x0200cc88                kernel__peripherals__registers___elabs
 .text          0x0200cccc      0x6ac /usr/local/openravenscar/lib/gcc-lib/sparc-ork-elf/2.8.1/adalib/libgnarl.a(kernel-peripherals.o)
                0x0200ccdc                kernel__peripherals__stop_watch_dog
                0x0200cccc                kernel__peripherals__to_vector
                0x0200ccf8                kernel__peripherals__init_clock
                0x0200d2c4                kernel__peripherals___elabb
                0x0200cddc                kernel__peripherals__cancel_and_set_alarm
                0x0200cdb8                kernel__peripherals__init_board
                0x0200cdf0                kernel__peripherals__set_alarm
                0x0200cf64                kernel__peripherals__read_clock
                0x0200cfd4                kernel__peripherals__clear_alarm_interrupt
                0x0200d204                kernel__peripherals__uart_send
                0x0200cfdc                kernel__peripherals__clear_clock_interrupt
                0x0200d118                kernel__peripherals__init_uart
                0x0200ccf0                kernel__peripherals__memory_configuration
                0x0200cfe4                kernel__peripherals__protect_segment
                0x0200ccd4                kernel__peripherals__priority_of_interrupt
 .text          0x0200d378       0xe4 /usr/local/openravenscar/lib/gcc-lib/sparc-ork-elf/2.8.1/adalib/libgnarl.a(kernel-serial_output.o)
                0x0200d3d0                kernel_new_line
                0x0200d3e4                kernel_put_line_c
                0x0200d390                kernel__serial_output__put__2
                0x0200d378                kernel_put_c
                0x0200d400                kernel__serial_output__put_line__2
                0x0200d430                kernel__serial_output___elabb
 .text          0x0200d45c      0x2dc /usr/local/openravenscar/lib/gcc-lib/sparc-ork-elf/2.8.1/adalib/libgnarl.a(context.o)
                0x0200d730                exit_from_context_switch
                0x0200d45c                context_switch
                0x0200d468                context_trap
 .text          0x0200d738      0x60c /usr/local/openravenscar/lib/gcc-lib/sparc-ork-elf/2.8.1/adalib/libgnarl.a(install_handler.o)
                0x0200d7f0                set_next_running
                0x0200d738                enable_traps
                0x0200d79c                install_trap_handler
                0x0200d74c                install_int_handler
 .text          0x0200dd44       0x34 /usr/local/openravenscar/lib/gcc-lib/sparc-ork-elf/2.8.1/adalib/libgnarl.a(int_level.o)
                0x0200dd44                disable_interrupts
                0x0200dd5c                enable_interrupts
 .text          0x0200dd78     0x25c0 /usr/local/openravenscar/lib/gcc-lib/sparc-ork-elf/2.8.1/adalib/libgnat.a(a-except.o)
                0x0200f5e0                ada__exceptions__sdp_table_sort_move
                0x0200f740                ada__exceptions__string_to_eid
                0x0200edfc                __gnat_raise_nodefer_with_msg
                0x0200dfa8                ada__exceptions__current_target_exception
                0x0200ef74                ada__exceptions__raise_from_signal_handler
                0x0200ddf8                ada__exceptions__address_image
                0x0200f1f8                ada__exceptions__save_occurrence
                0x0200fddc                __gnat_notify_exception
                0x0200eabc                ada__exceptions__propagate_exception
                0x0200e930                ada__exceptions__exception_name_simple
                0x0200f14c                __gnat_reraise
                0x0200eedc                __gnat_raise_exception
                0x0200dd78                ada__exceptions___elabs
                0x0200df00                __gnat_break_start
                0x0200deec                ada__exceptions__allocate_machine_state
                0x0200dfcc                ada__exceptions__deallocate_machine_state
                0x0200e280                ada__exceptions__exception_information
                0x0200f0ac                __gnat_raise_storage_error
                0x0200e03c                ada__exceptions__eo_to_string
                0x0200f544                ada__exceptions__sdp_table_sort_lt
                0x02010250                ada__exceptions__raise_exception_no_defer
                0x0200e83c                ada__exceptions__exception_name__2
                0x020102f8                ada__exceptions__zzz
                0x0200dde8                ada__exceptions__poll
                0x0200f0cc                ada__exceptions__raise_with_c_msg
                0x0200fe70                ada__exceptions__unhandled_exception_terminate
                0x0200dfe0                ada__exceptions__eid_to_string
                0x0200f28c                ada__exceptions__save_occurrence__2
                0x0200f038                ada__exceptions__raise_with_location
                0x0200f010                ada__exceptions__raise_no_msg
                0x0200e778                ada__exceptions__exception_message
                0x0200f610                ada__exceptions__set_exception_c_msg
                0x0200f868                ada__exceptions__string_to_eo
                0x0200f06c                __gnat_raise_constraint_error
                0x0200f184                ada__exceptions__reraise_occurrence
                0x02010300                ada__exceptions___elabb
                0x02010328                ada__exceptions___init_proc
                0x0200e900                ada__exceptions__exception_name
                0x0200ddf0                ada__exceptions__aaa
                0x0200f1cc                ada__exceptions__reraise_occurrence_no_defer
                0x0200e09c                ada__exceptions__exception_identity
                0x0200f2b8                __gnat_SDP_Table_Build
                0x0200fdd4                __gnat_unhandled_exception
                0x0200df08                ada__exceptions__call_chain
                0x0200f100                __gnat_raise_with_msg
                0x0200f08c                __gnat_raise_program_error
 .text          0x02010338      0x2ec /usr/local/openravenscar/lib/gcc-lib/sparc-ork-elf/2.8.1/adalib/libgnat.a(a-filico.o)
                0x02010384                ada__finalization__list_controller___deep_finalize__2
                0x020105f0                ada__finalization__list_controller___init_proc__2
                0x020105b4                ada__finalization__list_controller__finalize
                0x02010374                ada__finalization__list_controller___size__2
                0x020105cc                ada__finalization__list_controller___init_proc
                0x02010580                ada__finalization__list_controller__finalize__2
                0x020103b0                ada__finalization__list_controller___elabs
                0x02010338                ada__finalization__list_controller___size
                0x02010568                ada__finalization__list_controller__initialize__2
                0x02010348                ada__finalization__list_controller___deep_finalize
 .text          0x02010624      0x560 /usr/local/openravenscar/lib/gcc-lib/sparc-ork-elf/2.8.1/adalib/libgnat.a(a-finali.o)
                0x02010884                ada__finalization___size__4
                0x02010b04                ada__finalization__initialize
                0x02010b1c                ada__finalization__Oeq__2
                0x02010b44                ada__finalization___init_proc
                0x0201064c                ada__finalization___write__3
                0x02010b3c                ada__finalization__finalize__2
                0x02010624                ada__finalization___size__3
                0x02010634                ada__finalization___read__3
                0x02010b0c                ada__finalization__adjust
                0x02010b64                ada__finalization___init_proc__2
                0x020108c0                ada__finalization___elabs
                0x02010b14                ada__finalization__finalize
                0x02010830                ada__finalization___deep_adjust
                0x02010b34                ada__finalization__initialize__2
                0x02010664                ada__finalization___assign__3
                0x02010858                ada__finalization___deep_finalize
                0x02010894                ada__finalization___deep_finalize__2
 .text          0x02010b84       0x6c /usr/local/openravenscar/lib/gcc-lib/sparc-ork-elf/2.8.1/adalib/libgnat.a(a-ioexce.o)
                0x02010b84                ada__io_exceptions___elabs
 .text          0x02010bf0     0x1e98 /usr/local/openravenscar/lib/gcc-lib/sparc-ork-elf/2.8.1/adalib/libgnat.a(a-nuelfu.o)
                0x020126ac                ada__numerics__elementary_functions__sinh
                0x02011534                ada__numerics__elementary_functions__arcsin
                0x0201131c                ada__numerics__elementary_functions__arccosh
                0x02011760                ada__numerics__elementary_functions__arcsinh
                0x02010bf0                ada__numerics__elementary_functions__Oexpon
                0x02011430                ada__numerics__elementary_functions__arccoth
                0x02011414                ada__numerics__elementary_functions__arccot__2
                0x02011608                ada__numerics__elementary_functions__arcsin__2
                0x02011990                ada__numerics__elementary_functions__arctan__2
                0x020111b0                ada__numerics__elementary_functions__arccos__2
                0x02011c90                ada__numerics__elementary_functions__cos
                0x020127b8                ada__numerics__elementary_functions__sqrt
                0x020128c4                ada__numerics__elementary_functions__tan__2
                0x020125b0                ada__numerics__elementary_functions__sin__2
                0x02012440                ada__numerics__elementary_functions__log__2
                0x02011e94                ada__numerics__elementary_functions__cot__2
                0x020129f4                ada__numerics__elementary_functions__tanh
                0x02011ffc                ada__numerics__elementary_functions__coth
                0x02012384                ada__numerics__elementary_functions__log
                0x02011d40                ada__numerics__elementary_functions__cosh
                0x020113fc                ada__numerics__elementary_functions__arccot
                0x02011880                ada__numerics__elementary_functions__arctan
                0x02012568                ada__numerics__elementary_functions__sin
                0x020110b0                ada__numerics__elementary_functions__arccos
                0x02011cfc                ada__numerics__elementary_functions__cos__2
                0x0201283c                ada__numerics__elementary_functions__tan
                0x020120f0                ada__numerics__elementary_functions__exp
                0x02011dec                ada__numerics__elementary_functions__cot
                0x02011b04                ada__numerics__elementary_functions__arctanh
 .text          0x02012a88       0x18 /usr/local/openravenscar/lib/gcc-lib/sparc-ork-elf/2.8.1/adalib/libgnat.a(a-numeri.o)
                0x02012a88                ada__numerics___elabs
 .text          0x02012aa0       0xc0 /usr/local/openravenscar/lib/gcc-lib/sparc-ork-elf/2.8.1/adalib/libgnat.a(a-stream.o)
                0x02012ab8                ada__streams___elabs
                0x02012ab0                ada__streams___deep_finalize
                0x02012aa0                ada__streams___size
                0x02012b50                ada__streams___init_proc
 .text          0x02012b60      0x934 /usr/local/openravenscar/lib/gcc-lib/sparc-ork-elf/2.8.1/adalib/libgnat.a(a-tags.o)
                0x020131c8                ada__tags__length
                0x02013434                ada__tags___init_proc
                0x02012cd4                ada__tags__external_tag_htable__removeXn
                0x020132ec                ada__tags__get_rc_offset
                0x02013408                ada__tags__set_remotely_callable
                0x020133d0                ada__tags__set_prim_op_address
                0x020133b0                ada__tags__register_tag
                0x02013350                ada__tags__inherit_tsd
                0x02012b60                ada__tags___elabs
                0x020132c8                ada__tags__get_expanded_name
                0x020133e4                ada__tags__set_expanded_name
                0x020132f8                ada__tags__get_remotely_callable
                0x02012ef0                ada__tags__expanded_name
                0x02012b78                ada__tags__external_tag_htable__getXn
                0x020132e0                ada__tags__get_inheritance_depth
                0x02013310                ada__tags__get_tsd
                0x02012dcc                ada__tags__external_tag_htable__setXn
                0x02013288                ada__tags__cw_membership
                0x02013318                ada__tags__inherit_dt
                0x02012c20                ada__tags__external_tag_htable__get_nextXn
                0x02012ff8                ada__tags__get_external_tag
                0x0201301c                ada__tags__internal_tag
                0x0201343c                ada__tags___init_proc__2
                0x02013224                ada__tags___elabb
                0x020133dc                ada__tags__set_tsd
                0x020133f0                ada__tags__set_external_tag
                0x02012e40                ada__tags__get_ht_link
                0x020131fc                ada__tags__parent_size
                0x02012e08                ada__tags__equal
                0x02012bec                ada__tags__external_tag_htable__get_firstXn
                0x020133c4                ada__tags__set_inheritance_depth
                0x02012f74                ada__tags__external_tag
                0x02012c5c                ada__tags__external_tag_htable__get_non_nullXn
                0x020132d4                ada__tags__get_prim_op_address
                0x020133fc                ada__tags__set_rc_offset
                0x02012eac                ada__tags__hash
                0x02012d8c                ada__tags__external_tag_htable__resetXn
                0x02012ee4                ada__tags__set_ht_link
                0x02013448                ada__tags__external_tag_htable___init_procXn
 .text          0x02013494      0x25c /usr/local/openravenscar/lib/gcc-lib/sparc-ork-elf/2.8.1/adalib/libgnat.a(g-except.o)
                0x020135e0                gnat__exceptions___deep_finalize
                0x020134ac                gnat__exceptions___write
                0x020134e8                gnat__exceptions___output
                0x02013508                gnat__exceptions___assign
                0x020134b4                gnat__exceptions___input
                0x020135e8                gnat__exceptions___elabs
                0x020134a4                gnat__exceptions___read
                0x02013494                gnat__exceptions___size
                0x020136e0                gnat__exceptions___init_proc
                0x02013500                gnat__exceptions__Oeq
                0x020135d8                gnat__exceptions___deep_adjust
 .text          0x020136f0      0x174 /usr/local/openravenscar/lib/gcc-lib/sparc-ork-elf/2.8.1/adalib/libgnat.a(g-hesora.o)
                0x020137c0                gnat__heap_sort_a__sort
 .text          0x02013864      0xc6c /usr/local/openravenscar/lib/gcc-lib/sparc-ork-elf/2.8.1/adalib/libgnat.a(i-c.o)
                0x02014174                interfaces__c__to_c__4
                0x02013cb4                interfaces__c__to_ada__6
                0x020138c8                interfaces__c__is_nul_terminated__2
                0x02013918                interfaces__c__to_ada
                0x02013920                interfaces__c__to_ada__2
                0x02013ddc                interfaces__c__to_c
                0x0201387c                interfaces__c__is_nul_terminated
                0x02014328                interfaces__c__to_c__6
                0x02013a54                interfaces__c__to_ada__3
                0x02013864                interfaces__c___elabs
                0x02013fdc                interfaces__c__to_c__3
                0x02013b74                interfaces__c__to_ada__5
                0x0201417c                interfaces__c__to_c__5
                0x02013de4                interfaces__c__to_c__2
                0x02013b6c                interfaces__c__to_ada__4
 .text          0x020144d0     0x13b4 /usr/local/openravenscar/lib/gcc-lib/sparc-ork-elf/2.8.1/adalib/libgnat.a(s-arit64.o)
                0x0201460c                system__arith_64__hi
                0x02014bb4                system__arith_64__scaled_divide
                0x02014b84                system__arith_64__raise_error
                0x02014584                system__arith_64__Odivide
                0x020144f8                system__arith_64__Oadd__2
                0x020157b0                system__arith_64__subtract_with_ovflo_check
                0x02014528                system__arith_64__Omultiply
                0x0201461c                system__arith_64__lo
                0x02014558                system__arith_64__Omultiply__2
                0x02014690                system__arith_64__double_divide
                0x02014980                system__arith_64__multiply_with_ovflo_check
                0x02015864                system__arith_64__to_pos_int
                0x020144d0                system__arith_64__Oadd
                0x020145dc                system__arith_64__Oconcat
                0x0201582c                system__arith_64__to_neg_int
                0x020145b0                system__arith_64__Orem
                0x02014624                system__arith_64__add_with_ovflo_check
                0x02014510                system__arith_64__Osubtract
 .text          0x02015884      0x16c /usr/local/openravenscar/lib/gcc-lib/sparc-ork-elf/2.8.1/adalib/libgnat.a(s-except.o)
                0x020158a8                system__exceptions___init_proc
                0x02015884                system__exceptions___elabs
                0x02015950                system__exceptions___init_proc__4
                0x020158f0                system__exceptions___init_proc__3
                0x02015990                system__exceptions___init_proc__5
                0x020158b0                system__exceptions___init_proc__2
 .text          0x020159f0      0x54c /usr/local/openravenscar/lib/gcc-lib/sparc-ork-elf/2.8.1/adalib/libgnat.a(s-exctab.o)
                0x02015d04                system__exception_table__get_key
                0x02015a98                system__exception_table__exception_htable__get_nextXn
                0x02015ccc                system__exception_table__equal
                0x02015c44                system__exception_table__exception_htable__setXn
                0x02015ef0                system__exception_table__exception_htable___init_procXn
                0x020159f0                system__exception_table__exception_htable__getXn
                0x02015c88                system__exception_table__get_ht_link
                0x02015c04                system__exception_table__exception_htable__resetXn
                0x02015c80                system__exception_table__set_ht_link
                0x02015d0c                system__exception_table__internal_exception
                0x02015ad4                system__exception_table__exception_htable__get_non_nullXn
                0x02015c90                system__exception_table__hash
                0x02015a64                system__exception_table__exception_htable__get_firstXn
                0x02015e40                system__exception_table___elabb
                0x02015e2c                system__exception_table__register_exception
                0x02015b4c                system__exception_table__exception_htable__removeXn
 .text          0x02015f3c      0x1c4 /usr/local/openravenscar/lib/gcc-lib/sparc-ork-elf/2.8.1/adalib/libgnat.a(s-exnflt.o)
                0x02015f3c                system__exn_flt__exn_float
 .text          0x02016100      0xb2c /usr/local/openravenscar/lib/gcc-lib/sparc-ork-elf/2.8.1/adalib/libgnat.a(s-fatflt.o)
                0x02016ab4                system__fat_flt__fat_float__truncation
                0x02016244                system__fat_flt__fat_float__decompose
                0x020165d8                system__fat_flt__fat_float__model
                0x020164e0                system__fat_flt__fat_float__floor
                0x020165ec                system__fat_flt__fat_float__pred
                0x020168b4                system__fat_flt__fat_float__scaling
                0x02016568                system__fat_flt__fat_float__leading_part
                0x02016b64                system__fat_flt__fat_float__unbiased_rounding
                0x02016158                system__fat_flt__fat_float__ceiling
                0x020161b8                system__fat_flt__fat_float__compose
                0x020164b8                system__fat_flt__fat_float__exponent
                0x02016540                system__fat_flt__fat_float__fraction
                0x02016430                system__fat_flt__fat_float__gradual_scaling
                0x020166a4                system__fat_flt__fat_float__remainder
                0x0201682c                system__fat_flt__fat_float__rounding
                0x02016100                system__fat_flt__fat_float__adjacent
                0x020169cc                system__fat_flt__fat_float__succ
                0x02016c0c                system__fat_flt__fat_float__valid
                0x020161e8                system__fat_flt__fat_float__copy_sign
                0x020165c4                system__fat_flt__fat_float__machine
 .text          0x02016c2c     0x13dc /usr/local/openravenscar/lib/gcc-lib/sparc-ork-elf/2.8.1/adalib/libgnat.a(s-finimp.o)
                0x02017e4c                system__finalization_implementation__deep_tag_attach
                0x02016e58                system__finalization_implementation___read__2
                0x020174ac                system__finalization_implementation__detach_from_final_list
                0x02016cf0                system__finalization_implementation___output
                0x02017908                system__finalization_implementation__finalize_list
                0x02016f24                system__finalization_implementation__Oeq__2
                0x02017fd8                system__finalization_implementation___init_proc__2
                0x02016d50                system__finalization_implementation___assign
                0x02017f04                system__finalization_implementation__initialize__2
                0x02017310                system__finalization_implementation__attach_to_final_list
                0x02017cb0                system__finalization_implementation__deep_tag_adjust
                0x02016f6c                system__finalization_implementation___assign__2
                0x02016d08                system__finalization_implementation__Oeq
                0x02016c98                system__finalization_implementation___input
                0x02016c74                system__finalization_implementation___write
                0x02017bc0                system__finalization_implementation__deep_tag_initialize
                0x02017efc                system__finalization_implementation__initialize
                0x02017fb4                system__finalization_implementation___init_proc
                0x02016e7c                system__finalization_implementation___write__2
                0x0201706c                system__finalization_implementation___elabs
                0x02016f0c                system__finalization_implementation___output__2
                0x02016ea0                system__finalization_implementation___input__2
                0x02016c3c                system__finalization_implementation___read
                0x02017a74                system__finalization_implementation__finalize_one
                0x02017d7c                system__finalization_implementation__deep_tag_finalize
                0x02017a4c                system__finalization_implementation__finalize_global_list
                0x02017fa0                system__finalization_implementation__finalize
                0x02016e48                system__finalization_implementation___size__2
                0x02017f6c                system__finalization_implementation__adjust__2
                0x02016c2c                system__finalization_implementation___size
 .text          0x02018008      0x658 /usr/local/openravenscar/lib/gcc-lib/sparc-ork-elf/2.8.1/adalib/libgnat.a(s-finroo.o)
                0x02018008                system__finalization_root___size
                0x0201863c                system__finalization_root___init_proc__2
                0x02018018                system__finalization_root___read
                0x02018350                system__finalization_root___elabs
                0x02018208                system__finalization_root__Oeq__2
                0x02018198                system__finalization_root___input__2
                0x02018020                system__finalization_root___write
                0x02018030                system__finalization_root___assign
                0x020185fc                system__finalization_root__finalize
                0x020181f0                system__finalization_root___output__2
                0x0201859c                system__finalization_root__initialize
                0x02018028                system__finalization_root__Oeq
                0x02018110                system__finalization_root___read__2
                0x02018168                system__finalization_root___write__2
                0x02018100                system__finalization_root___size__2
                0x020185cc                system__finalization_root__adjust
                0x02018260                system__finalization_root___assign__2
                0x0201862c                system__finalization_root___init_proc
 .text          0x02018660      0x1b4 /usr/local/openravenscar/lib/gcc-lib/sparc-ork-elf/2.8.1/adalib/libgnat.a(s-imgint.o)
                0x0201879c                system__img_int__set_image_integer
                0x02018660                system__img_int__image_integer
 .text          0x02018814      0xbc8 /usr/local/openravenscar/lib/gcc-lib/sparc-ork-elf/2.8.1/adalib/libgnat.a(s-imgrea.o)
                0x02018814                system__img_real__image_ordinary_fixed_point
                0x02018f00                system__img_real__set_image_real
                0x020188e8                system__img_real__image_floating_point
 .text          0x020193dc      0x160 /usr/local/openravenscar/lib/gcc-lib/sparc-ork-elf/2.8.1/adalib/libgnat.a(s-imguns.o)
                0x020193dc                system__img_uns__image_unsigned
                0x020194fc                system__img_uns__set_image_unsigned
 .text          0x0201953c       0x40 /usr/local/openravenscar/lib/gcc-lib/sparc-ork-elf/2.8.1/adalib/libgnat.a(s-mastop.o)
                0x02019554                system__machine_state_operations__get_code_loc
                0x0201953c                system__machine_state_operations__allocate_machine_state
                0x02019574                system__machine_state_operations__set_signal_machine_state
                0x0201954c                system__machine_state_operations__free_machine_state
                0x0201955c                system__machine_state_operations__machine_state_length
                0x02019544                system__machine_state_operations__enter_handler
                0x0201956c                system__machine_state_operations__set_machine_state
                0x02019564                system__machine_state_operations__pop_frame
 .text          0x0201957c       0x50 /usr/local/openravenscar/lib/gcc-lib/sparc-ork-elf/2.8.1/adalib/libgnat.a(s-parame.o)
                0x02019584                system__parameters__minimum_stack_size
                0x0201958c                system__parameters__adjust_storage_size
                0x0201957c                system__parameters__default_stack_size
 .text          0x020195cc      0x314 /usr/local/openravenscar/lib/gcc-lib/sparc-ork-elf/2.8.1/adalib/libgnat.a(s-secsta.o)
                0x020198d8                system__secondary_stack___init_proc__2
                0x0201987c                system__secondary_stack___elabb
                0x020195cc                system__secondary_stack__ss_allocate
                0x020197c0                system__secondary_stack__ss_free
                0x0201985c                system__secondary_stack__ss_release
                0x0201983c                system__secondary_stack__ss_mark
                0x020198c4                system__secondary_stack___init_proc
                0x0201975c                system__secondary_stack__ss_init
 .text          0x020198e0      0x1fc /usr/local/openravenscar/lib/gcc-lib/sparc-ork-elf/2.8.1/adalib/libgnat.a(s-sopco3.o)
                0x020198e0                system__string_ops_concat_3__str_concat_3
 .text          0x02019adc      0x1e4 /usr/local/openravenscar/lib/gcc-lib/sparc-ork-elf/2.8.1/adalib/libgnat.a(s-stache.o)
                0x02019adc                system__stack_checking___elabs
                0x02019af4                _gnat_stack_check
                0x02019c78                system__stack_checking__set_stack_size
                0x02019cb0                system__stack_checking___init_proc
                0x02019b80                system__stack_checking__invalidate_stack_cache
                0x02019ca0                system__stack_checking__update_stack_cache
 .text          0x02019cc0       0x28 /usr/local/openravenscar/lib/gcc-lib/sparc-ork-elf/2.8.1/adalib/libgnat.a(s-stalib.o)
                0x02019cc0                system__standard_library__abort_undefer_direct
                0x02019cdc                system__standard_library___init_proc
 .text          0x02019ce8       0x64 /usr/local/openravenscar/lib/gcc-lib/sparc-ork-elf/2.8.1/adalib/libgnat.a(s-stoele.o)
                0x02019d08                system__storage_elements__Omod
                0x02019d3c                system__storage_elements__to_address
                0x02019cf0                system__storage_elements__Oadd__2
                0x02019cf8                system__storage_elements__Osubtract
                0x02019ce8                system__storage_elements__Oadd
                0x02019d44                system__storage_elements__to_integer
                0x02019d00                system__storage_elements__Osubtract__2
 .text          0x02019d4c     0x102c /usr/local/openravenscar/lib/gcc-lib/sparc-ork-elf/2.8.1/adalib/libgnat.a(s-stratt.o)
                0x0201a464                system__stream_attributes__i_si
                0x0201a71c                system__stream_attributes__w_ad
                0x02019e54                system__stream_attributes__i_b
                0x0201a810                system__stream_attributes__w_c
                0x0201a02c                system__stream_attributes__i_lf
                0x0201a3dc                system__stream_attributes__i_sf
                0x0201ac98                system__stream_attributes__w_su
                0x02019eb8                system__stream_attributes__i_c
                0x0201a15c                system__stream_attributes__i_llf
                0x0201a5a4                system__stream_attributes__i_su
                0x0201a2ac                system__stream_attributes__i_llu
                0x0201ab94                system__stream_attributes__w_sf
                0x0201a61c                system__stream_attributes__i_u
                0x0201ad34                system__stream_attributes__w_wc
                0x02019d4c                system__stream_attributes__i_ad
                0x0201acdc                system__stream_attributes__w_u
                0x0201ab3c                system__stream_attributes__w_lu
                0x0201a7dc                system__stream_attributes__w_b
                0x0201aa44                system__stream_attributes__w_lli
                0x0201a540                system__stream_attributes__i_ssu
                0x0201a0d4                system__stream_attributes__i_li
                0x0201ac30                system__stream_attributes__w_ssi
                0x0201abec                system__stream_attributes__w_si
                0x0201a8f4                system__stream_attributes__w_lf
                0x0201a4dc                system__stream_attributes__i_ssi
                0x02019f1c                system__stream_attributes__i_f
                0x0201a970                system__stream_attributes__w_li
                0x0201a78c                system__stream_attributes__w_as
                0x0201a89c                system__stream_attributes__w_i
                0x02019fa4                system__stream_attributes__i_i
                0x0201a204                system__stream_attributes__i_lli
                0x0201a6a4                system__stream_attributes__i_wc
                0x0201a9c8                system__stream_attributes__w_llf
                0x0201ac64                system__stream_attributes__w_ssu
                0x02019dc4                system__stream_attributes__i_as
                0x0201a844                system__stream_attributes__w_f
                0x0201aac0                system__stream_attributes__w_llu
                0x0201a354                system__stream_attributes__i_lu
 .text          0x0201ad78      0x5b8 /usr/local/openravenscar/lib/gcc-lib/sparc-ork-elf/2.8.1/adalib/libgnat.a(s-strops.o)
                0x0201b19c                system__string_ops__str_equal
                0x0201b074                system__string_ops__str_concat_sc
                0x0201b2ac                system__string_ops__str_normalize
                0x0201ad78                system__string_ops__str_concat
                0x0201af98                system__string_ops__str_concat_cs
                0x0201b2ec                system__string_ops__wide_str_normalize
                0x0201af38                system__string_ops__str_concat_cc
 .text          0x0201b330      0x298 /usr/local/openravenscar/lib/gcc-lib/sparc-ork-elf/2.8.1/adalib/libgnat.a(s-soflin.o)
                0x0201b494                system__soft_links__set_jmpbuf_address_soft
                0x0201b400                system__soft_links__get_stack_info_nt
                0x0201b55c                system__soft_links___elabb
                0x0201b3f4                system__soft_links__get_current_excep_nt
                0x0201b504                system__soft_links__set_exc_stack_addr_soft
                0x0201b330                system__soft_links__abort_defer_nt
                0x0201b364                system__soft_links__check_abort_status_nt
                0x0201b3ac                system__soft_links__get_sec_stack_addr_nt
                0x0201b3a0                system__soft_links__set_jmpbuf_address_nt
                0x0201b384                system__soft_links__task_lock_nt
                0x0201b540                system__soft_links__set_machine_state_addr_soft
                0x0201b374                system__soft_links__current_master_nt
                0x0201b338                system__soft_links__abort_handler_nt
                0x0201b430                system__soft_links__destroy_tsd
                0x0201b4e8                system__soft_links__get_exc_stack_addr_soft
                0x0201b394                system__soft_links__get_jmpbuf_address_nt
                0x0201b340                system__soft_links__abort_undefer_nt
                0x0201b40c                system__soft_links__create_tsd
                0x0201b3d0                system__soft_links__set_machine_state_addr_nt
                0x0201b3b8                system__soft_links__set_sec_stack_addr_nt
                0x0201b348                system__soft_links__update_exception_nt
                0x0201b3e8                system__soft_links__set_exc_stack_addr_nt
                0x0201b59c                system__soft_links___init_proc
                0x0201b478                system__soft_links__get_jmpbuf_address_soft
                0x0201b37c                system__soft_links__enter_master_nt
                0x0201b524                system__soft_links__get_machine_state_addr_soft
                0x0201b4cc                system__soft_links__set_sec_stack_addr_soft
                0x0201b38c                system__soft_links__task_unlock_nt
                0x0201b454                system__soft_links__get_gnat_exception
                0x0201b4b0                system__soft_links__get_sec_stack_addr_soft
                0x0201b36c                system__soft_links__complete_master_nt
                0x0201b3c4                system__soft_links__get_machine_state_addr_nt
                0x0201b3dc                system__soft_links__get_exc_stack_addr_nt
 .text          0x0201b5c8       0x68 /usr/local/openravenscar/lib/gcc-lib/sparc-ork-elf/2.8.1/adalib/libgnat.a(s-traceb.o)
                0x0201b5dc                system__traceback__get_code_loc
                0x0201b604                system__traceback__pop_frame
                0x0201b5f0                system__traceback__free_machine_state
                0x0201b5c8                system__traceback__allocate_machine_state
                0x0201b61c                system__traceback__set_machine_state
 .text          0x0201b630       0xfc /usr/local/openravenscar/lib/gcc-lib/sparc-ork-elf/2.8.1/adalib/libgnat.a(a-argv.o)
                0x0201b6f8                fill_env
                0x0201b69c                env_count
                0x0201b6d8                len_env
                0x0201b630                arg_count
                0x0201b63c                gnat_argval
                0x0201b668                fill_arg
                0x0201b648                len_arg
 .text          0x0201b72c      0x14c /usr/local/openravenscar/lib/gcc-lib/sparc-ork-elf/2.8.1/adalib/libgnat.a(a-cio.o)
                0x0201b74c                put_int
                0x0201b768                get_char
                0x0201b72c                get_int
                0x0201b858                put_char_stderr
                0x0201b7b8                put_char
 .text          0x0201b878        0xc /usr/local/openravenscar/lib/gcc-lib/sparc-ork-elf/2.8.1/adalib/libgnat.a(a-exit.o)
                0x0201b878                set_gnat_exit_status
 .text          0x0201b884      0x1f4 /usr/local/openravenscar/lib/gcc-lib/sparc-ork-elf/2.8.1/adalib/libgnat.a(a-raise.o)
                0x0201b884                _gnat_builtin_longjmp
                0x0201b8dc                __gnat_malloc
                0x0201b994                __gnat_free
                0x0201b8c4                __gnat_unhandled_terminate
                0x0201b9d0                __gnat_realloc
 .text          0x0201ba78      0x410 /usr/local/openravenscar/lib/gcc-lib/sparc-ork-elf/2.8.1/adalib/libgnat.a(a-init.o)
                0x0201bc6c                __gnat_pop_frame
                0x0201be80                __gnat_init_float
                0x0201ba78                __gnat_set_globals
                0x0201be78                __gnat_get_code_loc
                0x0201bad0                __gnat_initialize
                0x0201bdbc                __gnat_enter_handler
                0x0201be70                __gnat_machine_state_length
                0x0201bd10                __gnat_set_machine_state
 .text          0x0201be88        0x8 /usr/local/openravenscar/lib/gcc-lib/sparc-ork-elf/2.8.1/adalib/libgnat.a(a-final.o)
                0x0201be88                __gnat_finalize
 .text          0x0201be90      0xc1c /usr/local/openravenscar/lib/gcc-lib/sparc-ork-elf/2.8.1/adalib/libgnat.a(s-fatllf.o)
                0x0201bf94                system__fat_llf__fat_long_long_float__copy_sign
                0x0201c204                system__fat_llf__fat_long_long_float__gradual_scaling
                0x0201c9d8                system__fat_llf__fat_long_long_float__unbiased_rounding
                0x0201c29c                system__fat_llf__fat_long_long_float__exponent
                0x0201bf60                system__fat_llf__fat_long_long_float__compose
                0x0201c2c8                system__fat_llf__fat_long_long_float__floor
                0x0201be90                system__fat_llf__fat_long_long_float__adjacent
                0x0201c3f4                system__fat_llf__fat_long_long_float__pred
                0x0201c334                system__fat_llf__fat_long_long_float__fraction
                0x0201c4b4                system__fat_llf__fat_long_long_float__remainder
                0x0201c6fc                system__fat_llf__fat_long_long_float__scaling
                0x0201bef4                system__fat_llf__fat_long_long_float__ceiling
                0x0201bff8                system__fat_llf__fat_long_long_float__decompose
                0x0201c824                system__fat_llf__fat_long_long_float__succ
                0x0201c360                system__fat_llf__fat_long_long_float__leading_part
                0x0201c664                system__fat_llf__fat_long_long_float__rounding
                0x0201c3dc                system__fat_llf__fat_long_long_float__model
                0x0201ca84                system__fat_llf__fat_long_long_float__valid
                0x0201c914                system__fat_llf__fat_long_long_float__truncation
                0x0201c3c8                system__fat_llf__fat_long_long_float__machine
 .text          0x0201caac      0x18c /usr/local/openravenscar/lib/gcc-lib/sparc-ork-elf/2.8.1/adalib/libgnat.a(s-imgllu.o)
                0x0201caac                system__img_llu__image_long_long_unsigned
                0x0201cbf4                system__img_llu__set_image_long_long_unsigned
 .text          0x0201cc38      0x894 /usr/local/openravenscar/lib/gcc-lib/sparc-ork-elf/2.8.1/adalib/libgnat.a(a-adaint.o)
                0x0201cdc8                get_object_suffix_ptr
                0x0201cd74                Get_Default_Identifier_Character_Set
                0x0201cd5c                Get_Maximum_File_Name_Length
                0x0201cd6c                Get_File_Names_Case_Sensitive
                0x0201cfe4                file_time_name
                0x0201cd84                Get_Pathsep_Char
                0x0201ce64                open_read
                0x0201cd7c                Get_Dirsep_Char
                0x0201d07c                is_regular_file
                0x0201cd64                Get_Switch_Character
                0x0201d230                locate_regular_file
                0x0201d480                to_canonical_file_list_next
                0x0201d4ac                to_host_dir_spec
                0x0201d05c                __gnat_file_exists
                0x0201cf50                __gnat_mkdir
                0x0201d4a4                to_canonical_path_spec
                0x0201d0fc                is_writable_file
                0x0201cf28                open_new_temp
                0x0201d130                portable_spawn
                0x0201d494                to_canonical_dir_spec
                0x0201d01c                get_env_value_ptr
                0x0201d000                file_time_fd
                0x0201cfdc                readdir_is_thread_safe
                0x0201cf00                open_new
                0x0201cc38                to_gm_time
                0x0201ccac                Try_Lock
                0x0201d49c                to_canonical_file_spec
                0x0201d1ec                portable_wait
                0x0201d478                to_canonical_file_list_init
                0x0201d4c4                convert_addresses
                0x0201cdfc                get_executable_suffix_ptr
                0x0201d0bc                is_directory
                0x0201ced8                open_append
                0x0201ceb0                open_create
                0x0201ce88                open_rw
                0x0201cf68                file_length
                0x0201cfa8                readdir_gnat
                0x0201d4bc                adjust_os_resource_limits
                0x0201d3bc                locate_exec
                0x0201d1ac                portable_no_block_spawn
                0x0201d21c                os_exit
                0x0201d050                Get_Libraries_From_Registry
                0x0201d48c                to_canonical_file_list_free
                0x0201cd8c                Get_Current_Dir
                0x0201d4b4                to_host_file_spec
                0x0201d430                locate_exec_on_path
                0x0201ce30                get_debuggable_suffix_ptr
 .text          0x0201d4cc      0x294 /usr/local/openravenscar/sparc-ork-elf/lib/libm.a(s_atan.o)
                0x0201d4cc                atan
 .text          0x0201d760       0xf0 /usr/local/openravenscar/sparc-ork-elf/lib/libm.a(s_cos.o)
                0x0201d760                cos
 .text          0x0201d850       0x2c /usr/local/openravenscar/sparc-ork-elf/lib/libm.a(s_fabs.o)
                0x0201d850                fabs
 .text          0x0201d87c       0xf0 /usr/local/openravenscar/sparc-ork-elf/lib/libm.a(s_sin.o)
                0x0201d87c                sin
 .text          0x0201d96c       0x9c /usr/local/openravenscar/sparc-ork-elf/lib/libm.a(s_tan.o)
                0x0201d96c                tan
 .text          0x0201da08      0x134 /usr/local/openravenscar/sparc-ork-elf/lib/libm.a(s_tanh.o)
                0x0201da08                tanh
 .text          0x0201db3c       0xf8 /usr/local/openravenscar/sparc-ork-elf/lib/libm.a(w_acos.o)
                0x0201db3c                acos
 .text          0x0201dc34       0xf8 /usr/local/openravenscar/sparc-ork-elf/lib/libm.a(w_asin.o)
                0x0201dc34                asin
 .text          0x0201dd2c      0x1c0 /usr/local/openravenscar/sparc-ork-elf/lib/libm.a(w_exp.o)
                0x0201dd2c                exp
 .text          0x0201deec      0x184 /usr/local/openravenscar/sparc-ork-elf/lib/libm.a(w_log.o)
                0x0201deec                log
 .text          0x0201e070      0x60c /usr/local/openravenscar/sparc-ork-elf/lib/libm.a(w_pow.o)
                0x0201e070                pow
 .text          0x0201e67c      0x118 /usr/local/openravenscar/sparc-ork-elf/lib/libm.a(w_sqrt.o)
                0x0201e67c                sqrt
 .text          0x0201e794      0x3ac /usr/local/openravenscar/sparc-ork-elf/lib/libm.a(e_acos.o)
                0x0201e794                __ieee754_acos
 .text          0x0201eb40      0x340 /usr/local/openravenscar/sparc-ork-elf/lib/libm.a(e_asin.o)
                0x0201eb40                __ieee754_asin
 .text          0x0201ee80      0x2f0 /usr/local/openravenscar/sparc-ork-elf/lib/libm.a(e_exp.o)
                0x0201ee80                __ieee754_exp
 .text          0x0201f170      0x310 /usr/local/openravenscar/sparc-ork-elf/lib/libm.a(e_log.o)
                0x0201f170                __ieee754_log
 .text          0x0201f480      0x99c /usr/local/openravenscar/sparc-ork-elf/lib/libm.a(e_pow.o)
                0x0201f480                __ieee754_pow
 .text          0x0201fe1c      0x3d8 /usr/local/openravenscar/sparc-ork-elf/lib/libm.a(e_rem_pio2.o)
                0x0201fe1c                __ieee754_rem_pio2
 .text          0x020201f4      0x264 /usr/local/openravenscar/sparc-ork-elf/lib/libm.a(e_sqrt.o)
                0x020201f4                __ieee754_sqrt
 .text          0x02020458      0x17c /usr/local/openravenscar/sparc-ork-elf/lib/libm.a(k_cos.o)
                0x02020458                __kernel_cos
 .text          0x020205d4      0x838 /usr/local/openravenscar/sparc-ork-elf/lib/libm.a(k_rem_pio2.o)
                0x020205d4                __kernel_rem_pio2
 .text          0x02020e0c      0x11c /usr/local/openravenscar/sparc-ork-elf/lib/libm.a(k_sin.o)
                0x02020e0c                __kernel_sin
 .text          0x02020f28      0x2b4 /usr/local/openravenscar/sparc-ork-elf/lib/libm.a(k_tan.o)
                0x02020f28                __kernel_tan
 .text          0x020211dc      0x40c /usr/local/openravenscar/sparc-ork-elf/lib/libm.a(s_expm1.o)
                0x020211dc                expm1
 .text          0x020215e8       0x18 /usr/local/openravenscar/sparc-ork-elf/lib/libm.a(s_finite.o)
                0x020215e8                finite
 .text          0x02021600      0x1a0 /usr/local/openravenscar/sparc-ork-elf/lib/libm.a(s_floor.o)
                0x02021600                floor
 .text          0x020217a0       0x28 /usr/local/openravenscar/sparc-ork-elf/lib/libm.a(s_isnan.o)
                0x020217a0                isnan
 .text          0x020217c8        0x8 /usr/local/openravenscar/sparc-ork-elf/lib/libm.a(s_matherr.o)
                0x020217c8                matherr
 .text          0x020217d0      0x1c8 /usr/local/openravenscar/sparc-ork-elf/lib/libm.a(s_rint.o)
                0x020217d0                rint
 .text          0x02021998      0x1d8 /usr/local/openravenscar/sparc-ork-elf/lib/libm.a(s_scalbn.o)
                0x02021998                scalbn
 .text          0x02021b70       0x40 /usr/local/openravenscar/sparc-ork-elf/lib/libm.a(s_copysign.o)
                0x02021b70                copysign
 .text          0x02021bb0        0x8 /usr/local/openravenscar/lib/gcc-lib/sparc-ork-elf/2.8.1/libgcc.a(__dummy.o)
                0x02021bb0                __dummy
 .text          0x02021bb8       0x48 /usr/local/openravenscar/lib/gcc-lib/sparc-ork-elf/2.8.1/libgcc.a(_ashldi3.o)
                0x02021bb8                __ashldi3
 .text          0x02021c00       0x38 /usr/local/openravenscar/lib/gcc-lib/sparc-ork-elf/2.8.1/libgcc.a(_cmpdi2.o)
                0x02021c00                __cmpdi2
 .text          0x02021c38      0x3c0 /usr/local/openravenscar/lib/gcc-lib/sparc-ork-elf/2.8.1/libgcc.a(_divdi3.o)
                0x02021c38                __divdi3
 .text          0x02021ff8      0x1f4 /usr/local/openravenscar/lib/gcc-lib/sparc-ork-elf/2.8.1/libgcc.a(_divsi3.o)
                0x02021ff8                udiv
                0x02022004                div
 .text          0x020221ec       0x58 /usr/local/openravenscar/lib/gcc-lib/sparc-ork-elf/2.8.1/libgcc.a(_fixsfdi.o)
                0x020221ec                __fixsfdi
 .text          0x02022244      0x1c0 /usr/local/openravenscar/lib/gcc-lib/sparc-ork-elf/2.8.1/libgcc.a(_fixunsdfdi.o)
                0x02022244                __fixunsdfdi
 .text          0x02022404      0x1c8 /usr/local/openravenscar/lib/gcc-lib/sparc-ork-elf/2.8.1/libgcc.a(_fixunssfdi.o)
                0x02022404                __fixunssfdi
 .text          0x020225cc       0x54 /usr/local/openravenscar/lib/gcc-lib/sparc-ork-elf/2.8.1/libgcc.a(_floatdidf.o)
                0x020225cc                __floatdidf
 .text          0x02022620       0xa8 /usr/local/openravenscar/lib/gcc-lib/sparc-ork-elf/2.8.1/libgcc.a(_floatdisf.o)
                0x02022620                __floatdisf
 .text          0x020226c8       0x48 /usr/local/openravenscar/lib/gcc-lib/sparc-ork-elf/2.8.1/libgcc.a(_lshrdi3.o)
                0x020226c8                __lshrdi3
 .text          0x02022710      0x1f4 /usr/local/openravenscar/lib/gcc-lib/sparc-ork-elf/2.8.1/libgcc.a(_modsi3.o)
                0x02022710                urem
                0x0202271c                rem
 .text          0x02022904       0xe0 /usr/local/openravenscar/lib/gcc-lib/sparc-ork-elf/2.8.1/libgcc.a(_muldi3.o)
                0x02022904                __muldi3
 .text          0x020229e4       0xe8 /usr/local/openravenscar/lib/gcc-lib/sparc-ork-elf/2.8.1/libgcc.a(_mulsi3.o)
                0x020229e4                umul
 .text          0x02022acc      0x340 /usr/local/openravenscar/lib/gcc-lib/sparc-ork-elf/2.8.1/libgcc.a(_udivdi3.o)
                0x02022acc                __udivdi3
 .text          0x02022e0c      0x39c /usr/local/openravenscar/lib/gcc-lib/sparc-ork-elf/2.8.1/libgcc.a(_umoddi3.o)
                0x02022e0c                __umoddi3
 .text          0x020231a8      0xa48 /usr/local/openravenscar/lib/gcc-lib/sparc-ork-elf/2.8.1/libgcc.a(frame.o)
                0x02023acc                __frame_state_for
                0x02023a64                __deregister_frame_info
                0x02023a3c                __register_frame_info_table
                0x02023a14                __register_frame_info
 .text          0x02023bf0       0x20 /usr/local/openravenscar/sparc-ork-elf/lib/libc.a(abort.o)
                0x02023bf0                abort
 .text          0x02023c10       0x1c /usr/local/openravenscar/sparc-ork-elf/lib/libc.a(atoi.o)
                0x02023c10                atoi
 .text          0x02023c2c        0xc /usr/local/openravenscar/sparc-ork-elf/lib/libc.a(errno.o)
                0x02023c2c                __errno
 .text          0x02023c38       0x8c /usr/local/openravenscar/sparc-ork-elf/lib/libc.a(exit.o)
                0x02023c38                exit
 .text          0x02023cc4       0x90 /usr/local/openravenscar/sparc-ork-elf/lib/libc.a(fputc.o)
                0x02023cc4                fputc
 .text          0x02023d54       0x40 /usr/local/openravenscar/sparc-ork-elf/lib/libc.a(getenv.o)
                0x02023d74                getenv
                0x02023d54                _findenv
 .text          0x02023d94      0x100 /usr/local/openravenscar/sparc-ork-elf/lib/libc.a(getenv_r.o)
                0x02023d94                _findenv_r
                0x02023e78                _getenv_r
 .text          0x02023e94       0x1c /usr/local/openravenscar/sparc-ork-elf/lib/libc.a(gmtime.o)
                0x02023e94                gmtime
 .text          0x02023eb0       0x20 /usr/local/openravenscar/sparc-ork-elf/lib/libc.a(lcltime.o)
                0x02023eb0                localtime
 .text          0x02023ed0      0x21c /usr/local/openravenscar/sparc-ork-elf/lib/libc.a(lcltime_r.o)
                0x02023ed0                localtime_r
 .text          0x020240ec       0x38 /usr/local/openravenscar/sparc-ork-elf/lib/libc.a(malloc.o)
                0x020240ec                malloc
                0x02024108                free
 .text          0x02024124      0x774 /usr/local/openravenscar/sparc-ork-elf/lib/libc.a(mallocr.o)
                0x020242f0                _malloc_r
 .text          0x02024898       0x80 /usr/local/openravenscar/sparc-ork-elf/lib/libc.a(memcmp.o)
                0x02024898                memcmp
 .text          0x02024918       0xc4 /usr/local/openravenscar/sparc-ork-elf/lib/libc.a(memcpy.o)
                0x02024918                memcpy
 .text          0x020249dc       0xa4 /usr/local/openravenscar/sparc-ork-elf/lib/libc.a(memset.o)
                0x020249dc                memset
 .text          0x02024a80       0x10 /usr/local/openravenscar/sparc-ork-elf/lib/libc.a(mlock.o)
                0x02024a88                __malloc_unlock
                0x02024a80                __malloc_lock
 .text          0x02024a90       0x70 /usr/local/openravenscar/sparc-ork-elf/lib/libc.a(printf.o)
                0x02024ac0                printf
                0x02024a90                _printf_r
 .text          0x02024b00       0x20 /usr/local/openravenscar/sparc-ork-elf/lib/libc.a(realloc.o)
                0x02024b00                realloc
 .text          0x02024b20      0x50c /usr/local/openravenscar/sparc-ork-elf/lib/libc.a(reallocr.o)
                0x02024b20                _realloc_r
 .text          0x0202502c       0x40 /usr/local/openravenscar/sparc-ork-elf/lib/libc.a(rget.o)
                0x0202502c                __srget
 .text          0x0202506c       0x34 /usr/local/openravenscar/sparc-ork-elf/lib/libc.a(sbrkr.o)
                0x0202506c                _sbrk_r
 .text          0x020250a0       0x64 /usr/local/openravenscar/sparc-ork-elf/lib/libc.a(scanf.o)
                0x020250d8                _scanf_r
                0x020250a0                scanf
 .text          0x02025104      0x24c /usr/local/openravenscar/sparc-ork-elf/lib/libc.a(signal.o)
                0x02025160                _signal_r
                0x020251bc                _raise_r
                0x02025258                __sigtramp_r
                0x020252fc                signal
                0x0202531c                _init_signal
                0x02025104                _init_signal_r
                0x02025334                __sigtramp
                0x020252e0                raise
 .text          0x02025350       0x4c /usr/local/openravenscar/sparc-ork-elf/lib/libc.a(signalr.o)
                0x02025350                _kill_r
                0x02025388                _getpid_r
 .text          0x0202539c       0xb4 /usr/local/openravenscar/sparc-ork-elf/lib/libc.a(sprintf.o)
                0x0202539c                _sprintf_r
                0x020253f0                sprintf
 .text          0x02025450       0x8c /usr/local/openravenscar/sparc-ork-elf/lib/libc.a(strcat.o)
                0x02025450                strcat
 .text          0x020254dc       0xb8 /usr/local/openravenscar/sparc-ork-elf/lib/libc.a(strcmp.o)
                0x020254dc                strcmp
 .text          0x02025594       0x8c /usr/local/openravenscar/sparc-ork-elf/lib/libc.a(strcpy.o)
                0x02025594                strcpy
 .text          0x02025620       0x78 /usr/local/openravenscar/sparc-ork-elf/lib/libc.a(strlen.o)
                0x02025620                strlen
 .text          0x02025698       0xcc /usr/local/openravenscar/sparc-ork-elf/lib/libc.a(strncmp.o)
                0x02025698                strncmp
 .text          0x02025764       0xd4 /usr/local/openravenscar/sparc-ork-elf/lib/libc.a(strncpy.o)
                0x02025764                strncpy
 .text          0x02025838       0x68 /usr/local/openravenscar/sparc-ork-elf/lib/libc.a(strstr.o)
                0x02025838                strstr
 .text          0x020258a0      0x1f8 /usr/local/openravenscar/sparc-ork-elf/lib/libc.a(strtol.o)
                0x02025a74                strtol
                0x020258a0                _strtol_r
 .text          0x02025a98     0x19c4 /usr/local/openravenscar/sparc-ork-elf/lib/libc.a(vfprintf.o)
                0x02025b9c                _vfprintf_r
                0x02025b7c                vfprintf
 .text          0x0202745c      0xf30 /usr/local/openravenscar/sparc-ork-elf/lib/libc.a(vfscanf.o)
                0x0202745c                __svfscanf
                0x020282ac                __sccl
 .text          0x0202838c      0x10c /usr/local/openravenscar/sparc-ork-elf/lib/libc.a(wbuf.o)
                0x0202838c                __swbuf
 .text          0x02028498      0x10c /usr/local/openravenscar/sparc-ork-elf/lib/libc.a(wsetup.o)
                0x02028498                __swsetup
 .text          0x020285a4       0x18 /usr/local/openravenscar/sparc-ork-elf/lib/libc.a(atof.o)
                0x020285a4                atof
 .text          0x020285bc     0x1250 /usr/local/openravenscar/sparc-ork-elf/lib/libc.a(dtoa.o)
                0x020287a8                _dtoa_r
 .text          0x0202980c       0x10 /usr/local/openravenscar/sparc-ork-elf/lib/libc.a(envlock.o)
                0x02029814                __env_unlock
                0x0202980c                __env_lock
 .text          0x0202981c       0xf0 /usr/local/openravenscar/sparc-ork-elf/lib/libc.a(fflush.o)
                0x0202981c                fflush
 .text          0x0202990c      0x228 /usr/local/openravenscar/sparc-ork-elf/lib/libc.a(findfp.o)
                0x02029ac4                __sinit
                0x02029968                __sfmoreglue
                0x02029aac                _cleanup
                0x02029a90                _cleanup_r
                0x020299c0                __sfp
 .text          0x02029b34       0xcc /usr/local/openravenscar/sparc-ork-elf/lib/libc.a(fread.o)
                0x02029b34                fread
 .text          0x02029c00      0x3c0 /usr/local/openravenscar/sparc-ork-elf/lib/libc.a(freer.o)
                0x02029c00                _free_r
                0x02029e9c                _malloc_trim_r
 .text          0x02029fc0      0x380 /usr/local/openravenscar/sparc-ork-elf/lib/libc.a(fvwrite.o)
                0x02029fc0                __sfvwrite
 .text          0x0202a340       0x60 /usr/local/openravenscar/sparc-ork-elf/lib/libc.a(fwalk.o)
                0x0202a340                _fwalk
 .text          0x0202a3a0       0xa4 /usr/local/openravenscar/sparc-ork-elf/lib/libc.a(locale.o)
                0x0202a3a0                _setlocale_r
                0x0202a400                _localeconv_r
                0x0202a40c                setlocale
                0x0202a42c                localeconv
 .text          0x0202a444      0x144 /usr/local/openravenscar/sparc-ork-elf/lib/libc.a(makebuf.o)
                0x0202a444                __smakebuf
 .text          0x0202a588       0x58 /usr/local/openravenscar/sparc-ork-elf/lib/libc.a(mbtowc_r.o)
                0x0202a588                _mbtowc_r
 .text          0x0202a5e0       0xd4 /usr/local/openravenscar/sparc-ork-elf/lib/libc.a(memchr.o)
                0x0202a5e0                memchr
 .text          0x0202a6b4      0x110 /usr/local/openravenscar/sparc-ork-elf/lib/libc.a(memmove.o)
                0x0202a6b4                memmove
 .text          0x0202a7c4      0xd14 /usr/local/openravenscar/sparc-ork-elf/lib/libc.a(mprec.o)
                0x0202b48c                _mprec_log10
                0x0202aa38                _hi0bits
                0x0202a7c4                _Balloc
                0x0202b2c8                _d2b
                0x0202aba8                _multiply
                0x0202b3fc                _ratio
                0x0202a978                _s2b
                0x0202ab84                _i2b
                0x0202aab8                _lo0bits
                0x0202af78                __mcmp
                0x0202ad94                _pow5mult
                0x0202b13c                _ulp
                0x0202b1c8                _b2d
                0x0202a894                _multadd
                0x0202afe0                __mdiff
                0x0202ae7c                _lshift
                0x0202a85c                _Bfree
 .text          0x0202b4d8      0x19c /usr/local/openravenscar/sparc-ork-elf/lib/libc.a(refill.o)
                0x0202b4ec                __srefill
 .text          0x0202b674       0x38 /usr/local/openravenscar/sparc-ork-elf/lib/libc.a(s_isinf.o)
                0x0202b674                isinf
 .text          0x0202b6ac      0x104 /usr/local/openravenscar/sparc-ork-elf/lib/libc.a(stdio.o)
                0x0202b748                __sseek
                0x0202b6ac                __sread
                0x0202b798                __sclose
                0x0202b6f8                __swrite
 .text          0x0202b7b0      0xedc /usr/local/openravenscar/sparc-ork-elf/lib/libc.a(strtod.o)
                0x0202b7b0                _strtod_r
                0x0202c670                strtodf
                0x0202c650                strtod
 .text          0x0202c68c      0x1d8 /usr/local/openravenscar/sparc-ork-elf/lib/libc.a(strtoul.o)
                0x0202c840                strtoul
                0x0202c68c                _strtoul_r
 .text          0x0202c864      0x228 /usr/local/openravenscar/sparc-ork-elf/lib/libc.a(ungetc.o)
                0x0202c914                ungetc
                0x0202c864                __submore
 .text          0x0202ca8c       0x3c /usr/local/openravenscar/sparc-ork-elf/lib/libc.a(writer.o)
                0x0202ca8c                _write_r
 .text          0x0202cac8       0xa8 /usr/local/openravenscar/sparc-ork-elf/lib/libc.a(callocr.o)
                0x0202cac8                _calloc_r
 .text          0x0202cb70       0x34 /usr/local/openravenscar/sparc-ork-elf/lib/libc.a(closer.o)
                0x0202cb70                _close_r
 .text          0x0202cba4       0x38 /usr/local/openravenscar/sparc-ork-elf/lib/libc.a(fstatr.o)
                0x0202cba4                _fstat_r
 .text          0x0202cbdc       0x3c /usr/local/openravenscar/sparc-ork-elf/lib/libc.a(lseekr.o)
                0x0202cbdc                _lseek_r
 .text          0x0202cc18       0x3c /usr/local/openravenscar/sparc-ork-elf/lib/libc.a(readr.o)
                0x0202cc18                _read_r
 .text          0x0202cc54      0x134 /usr/local/openravenscar/sparc-ork-elf/lib/libork.a(ada_exceptions.o)
                0x0202cc54                Instruction_Access_Exception
                0x0202cd30                Division_By_Zero
                0x0202cd04                Stack_Overflow
                0x0202cc80                Illegal_Instruction
                0x0202cd5c                Integer_Overflow
                0x0202ccd8                FP_Exception
                0x0202ccac                Address_Not_Aligned
 .text          0x0202cd88       0x1c /usr/local/openravenscar/sparc-ork-elf/lib/libork.a(close.o)
                0x0202cd88                close
 .text          0x0202cda4       0x30 /usr/local/openravenscar/sparc-ork-elf/lib/libork.a(execv.o)
                0x0202cda4                execv
 .text          0x0202cdd4       0x28 /usr/local/openravenscar/sparc-ork-elf/lib/libork.a(fork.o)
                0x0202cdd4                fork
 .text          0x0202cdfc       0x30 /usr/local/openravenscar/sparc-ork-elf/lib/libork.a(fstat.o)
                0x0202cdfc                fstat
 .text          0x0202ce2c       0x30 /usr/local/openravenscar/sparc-ork-elf/lib/libork.a(getcwd.o)
                0x0202ce2c                getcwd
 .text          0x0202ce5c       0x30 /usr/local/openravenscar/sparc-ork-elf/lib/libork.a(getpid.o)
                0x0202ce5c                getpid
                0x0202ce74                getppid
 .text          0x0202ce8c       0x84 /usr/local/openravenscar/sparc-ork-elf/lib/libork.a(isatty.o)
                0x0202ce8c                isatty
 .text          0x0202cf10       0x3c /usr/local/openravenscar/sparc-ork-elf/lib/libork.a(kill.o)
                0x0202cf10                kill
 .text          0x0202cf4c       0x30 /usr/local/openravenscar/sparc-ork-elf/lib/libork.a(link.o)
                0x0202cf4c                link
 .text          0x0202cf7c       0x34 /usr/local/openravenscar/sparc-ork-elf/lib/libork.a(lseek.o)
                0x0202cf7c                lseek
 .text          0x0202cfb0       0x34 /usr/local/openravenscar/sparc-ork-elf/lib/libork.a(open.o)
                0x0202cfb0                open
 .text          0x0202cfe4      0x148 /usr/local/openravenscar/sparc-ork-elf/lib/libork.a(read.o)
                0x0202cfe4                read
 .text          0x0202d12c       0x34 /usr/local/openravenscar/sparc-ork-elf/lib/libork.a(readdir.o)
                0x0202d12c                readdir
 .text          0x0202d160       0x20 /usr/local/openravenscar/sparc-ork-elf/lib/libork.a(mkdir.o)
                0x0202d160                mkdir
 .text          0x0202d180       0xb0 /usr/local/openravenscar/sparc-ork-elf/lib/libork.a(sbrk.o)
                0x0202d180                sbrk
 .text          0x0202d230       0x30 /usr/local/openravenscar/sparc-ork-elf/lib/libork.a(stat.o)
                0x0202d230                stat
 .text          0x0202d260       0x2c /usr/local/openravenscar/sparc-ork-elf/lib/libork.a(unlink.o)
                0x0202d260                unlink
 .text          0x0202d28c       0x2c /usr/local/openravenscar/sparc-ork-elf/lib/libork.a(wait.o)
                0x0202d28c                wait
 .text          0x0202d2b8       0xec /usr/local/openravenscar/sparc-ork-elf/lib/libork.a(write.o)
                0x0202d2b8                write
 *fill*         0x0202d3a4        0xc
                0x0202d3b0                .=ALIGN(0x10)
 *(.eh_frame)
 .eh_frame      0x0202d3b0      0x11c /usr/local/openravenscar/lib/gcc-lib/sparc-ork-elf/2.8.1/adalib/libgnat.a(a-init.o)
 .eh_frame      0x0202d4cc       0x24 /usr/local/openravenscar/lib/gcc-lib/sparc-ork-elf/2.8.1/libgcc.a(__dummy.o)
 .eh_frame      0x0202d4f0       0x24 /usr/local/openravenscar/lib/gcc-lib/sparc-ork-elf/2.8.1/libgcc.a(_ashldi3.o)
 .eh_frame      0x0202d514       0x24 /usr/local/openravenscar/lib/gcc-lib/sparc-ork-elf/2.8.1/libgcc.a(_cmpdi2.o)
 .eh_frame      0x0202d538       0x2c /usr/local/openravenscar/lib/gcc-lib/sparc-ork-elf/2.8.1/libgcc.a(_divdi3.o)
 .eh_frame      0x0202d564       0x2c /usr/local/openravenscar/lib/gcc-lib/sparc-ork-elf/2.8.1/libgcc.a(_fixsfdi.o)
 .eh_frame      0x0202d590       0x2c /usr/local/openravenscar/lib/gcc-lib/sparc-ork-elf/2.8.1/libgcc.a(_fixunsdfdi.o)
 .eh_frame      0x0202d5bc       0x2c /usr/local/openravenscar/lib/gcc-lib/sparc-ork-elf/2.8.1/libgcc.a(_fixunssfdi.o)
 .eh_frame      0x0202d5e8       0x28 /usr/local/openravenscar/lib/gcc-lib/sparc-ork-elf/2.8.1/libgcc.a(_floatdidf.o)
 .eh_frame      0x0202d610       0x28 /usr/local/openravenscar/lib/gcc-lib/sparc-ork-elf/2.8.1/libgcc.a(_floatdisf.o)
 .eh_frame      0x0202d638       0x24 /usr/local/openravenscar/lib/gcc-lib/sparc-ork-elf/2.8.1/libgcc.a(_lshrdi3.o)
 .eh_frame      0x0202d65c       0x2c /usr/local/openravenscar/lib/gcc-lib/sparc-ork-elf/2.8.1/libgcc.a(_muldi3.o)
 .eh_frame      0x0202d688       0x2c /usr/local/openravenscar/lib/gcc-lib/sparc-ork-elf/2.8.1/libgcc.a(_udivdi3.o)
 .eh_frame      0x0202d6b4       0x2c /usr/local/openravenscar/lib/gcc-lib/sparc-ork-elf/2.8.1/libgcc.a(_umoddi3.o)
 .eh_frame      0x0202d6e0      0x11c /usr/local/openravenscar/lib/gcc-lib/sparc-ork-elf/2.8.1/libgcc.a(frame.o)
 *fill*         0x0202d7fc        0x4
                0x0202d800                .=ALIGN(0x10)
 *(.rodata)
 .rodata        0x0202d800       0x10 ./scenario_v1.o
 .rodata        0x0202d810      0x1b8 ./devicesfss_v1.o
 .rodata        0x0202d9c8       0x4c ./workload.o
 *fill*         0x0202da14        0x4
 .rodata        0x0202da18       0x6c ./tools.o
 *fill*         0x0202da84        0x4
 .rodata        0x0202da88      0x12c ./fss.o
 .rodata        0x0202dbb4        0x8 /usr/local/openravenscar/lib/gcc-lib/sparc-ork-elf/2.8.1/adalib/libgnarl.a(a-reatim.o)
 .rodata        0x0202dbbc        0x8 /usr/local/openravenscar/lib/gcc-lib/sparc-ork-elf/2.8.1/adalib/libgnarl.a(a-retide.o)
 *fill*         0x0202dbc4        0x4
 .rodata        0x0202dbc8       0x24 /usr/local/openravenscar/lib/gcc-lib/sparc-ork-elf/2.8.1/adalib/libgnarl.a(s-taprob.o)
 *fill*         0x0202dbec        0x4
 .rodata        0x0202dbf0       0xd0 /usr/local/openravenscar/lib/gcc-lib/sparc-ork-elf/2.8.1/adalib/libgnarl.a(s-taprop.o)
 .rodata        0x0202dcc0       0x50 /usr/local/openravenscar/lib/gcc-lib/sparc-ork-elf/2.8.1/adalib/libgnarl.a(s-tarest.o)
 .rodata        0x0202dd10      0x14a /usr/local/openravenscar/lib/gcc-lib/sparc-ork-elf/2.8.1/adalib/libgnarl.a(s-tasdeb.o)
 *fill*         0x0202de5a        0x2
 .rodata        0x0202de5c      0x300 /usr/local/openravenscar/lib/gcc-lib/sparc-ork-elf/2.8.1/adalib/libgnarl.a(s-taskin.o)
 .rodata        0x0202e15c        0x8 /usr/local/openravenscar/lib/gcc-lib/sparc-ork-elf/2.8.1/adalib/libgnarl.a(kernel-interrupts.o)
 .rodata        0x0202e164        0x4 /usr/local/openravenscar/lib/gcc-lib/sparc-ork-elf/2.8.1/adalib/libgnarl.a(kernel-threads-queues.o)
 .rodata        0x0202e168       0x7c /usr/local/openravenscar/lib/gcc-lib/sparc-ork-elf/2.8.1/adalib/libgnarl.a(kernel-peripherals.o)
 *fill*         0x0202e1e4        0x4
 .rodata        0x0202e1e8      0x184 /usr/local/openravenscar/lib/gcc-lib/sparc-ork-elf/2.8.1/adalib/libgnat.a(a-except.o)
 *fill*         0x0202e36c        0x4
 .rodata        0x0202e370        0xd /usr/local/openravenscar/lib/gcc-lib/sparc-ork-elf/2.8.1/adalib/libgnat.a(a-finali.o)
 *fill*         0x0202e37d        0x3
 .rodata        0x0202e380      0x82c /usr/local/openravenscar/lib/gcc-lib/sparc-ork-elf/2.8.1/adalib/libgnat.a(a-nuelfu.o)
 *fill*         0x0202ebac        0x4
 .rodata        0x0202ebb0       0x42 /usr/local/openravenscar/lib/gcc-lib/sparc-ork-elf/2.8.1/adalib/libgnat.a(a-tags.o)
 *fill*         0x0202ebf2        0x6
 .rodata        0x0202ebf8        0xd /usr/local/openravenscar/lib/gcc-lib/sparc-ork-elf/2.8.1/adalib/libgnat.a(g-except.o)
 *fill*         0x0202ec05        0x3
 .rodata        0x0202ec08       0xab /usr/local/openravenscar/lib/gcc-lib/sparc-ork-elf/2.8.1/adalib/libgnat.a(i-c.o)
 *fill*         0x0202ecb3        0x5
 .rodata        0x0202ecb8       0x24 /usr/local/openravenscar/lib/gcc-lib/sparc-ork-elf/2.8.1/adalib/libgnat.a(s-arit64.o)
 *fill*         0x0202ecdc        0x4